<?xml version="1.0" encoding="ISO-8859-1" ?>
<link_info>
   <banner>TI ARM Linker PC v20.2.7.LTS</banner>
   <copyright>Copyright (c) 1996-2018 Texas Instruments Incorporated</copyright>
   <link_time>0x6754b615</link_time>
   <link_errors>0x0</link_errors>
   <output_file>Application_2.out</output_file>
   <entry_point>
      <name>_c_int00_noargs</name>
      <address>0x17d5</address>
   </entry_point>
   <input_file_list>
      <input_file id="fl-2">
         <path>.\</path>
         <kind>object</kind>
         <file>main.obj</file>
         <name>main.obj</name>
      </input_file>
      <input_file id="fl-3">
         <path>.\</path>
         <kind>object</kind>
         <file>tm4c123gh6pm_startup_ccs.obj</file>
         <name>tm4c123gh6pm_startup_ccs.obj</name>
      </input_file>
      <input_file id="fl-4">
         <path>.\MCAL\NVIC\</path>
         <kind>object</kind>
         <file>NVIC.obj</file>
         <name>NVIC.obj</name>
      </input_file>
      <input_file id="fl-5">
         <path>.\MCAL\SysTick\</path>
         <kind>object</kind>
         <file>SysTick.obj</file>
         <name>SysTick.obj</name>
      </input_file>
      <input_file id="fl-9">
         <kind>object</kind>
         <file>&lt;internal&gt;</file>
         <name>&lt;internal&gt;</name>
      </input_file>
      <input_file id="fl-bf">
         <path>C:\ti\ccs1281\ccs\tools\compiler\ti-cgt-arm_20.2.7.LTS\lib\</path>
         <kind>archive</kind>
         <file>rtsv7M4_T_le_v4SPD16_eabi.lib</file>
         <name>copy_zero_init.c.obj</name>
      </input_file>
      <input_file id="fl-c0">
         <path>C:\ti\ccs1281\ccs\tools\compiler\ti-cgt-arm_20.2.7.LTS\lib\</path>
         <kind>archive</kind>
         <file>rtsv7M4_T_le_v4SPD16_eabi.lib</file>
         <name>copy_decompress_none.c.obj</name>
      </input_file>
      <input_file id="fl-c1">
         <path>C:\ti\ccs1281\ccs\tools\compiler\ti-cgt-arm_20.2.7.LTS\lib\</path>
         <kind>archive</kind>
         <file>rtsv7M4_T_le_v4SPD16_eabi.lib</file>
         <name>copy_decompress_lzss.c.obj</name>
      </input_file>
      <input_file id="fl-c2">
         <path>C:\ti\ccs1281\ccs\tools\compiler\ti-cgt-arm_20.2.7.LTS\lib\</path>
         <kind>archive</kind>
         <file>rtsv7M4_T_le_v4SPD16_eabi.lib</file>
         <name>assert.c.obj</name>
      </input_file>
      <input_file id="fl-c3">
         <path>C:\ti\ccs1281\ccs\tools\compiler\ti-cgt-arm_20.2.7.LTS\lib\</path>
         <kind>archive</kind>
         <file>rtsv7M4_T_le_v4SPD16_eabi.lib</file>
         <name>defs.c.obj</name>
      </input_file>
      <input_file id="fl-c4">
         <path>C:\ti\ccs1281\ccs\tools\compiler\ti-cgt-arm_20.2.7.LTS\lib\</path>
         <kind>archive</kind>
         <file>rtsv7M4_T_le_v4SPD16_eabi.lib</file>
         <name>boot_cortex_m.c.obj</name>
      </input_file>
      <input_file id="fl-c5">
         <path>C:\ti\ccs1281\ccs\tools\compiler\ti-cgt-arm_20.2.7.LTS\lib\</path>
         <kind>archive</kind>
         <file>rtsv7M4_T_le_v4SPD16_eabi.lib</file>
         <name>fflush.c.obj</name>
      </input_file>
      <input_file id="fl-c6">
         <path>C:\ti\ccs1281\ccs\tools\compiler\ti-cgt-arm_20.2.7.LTS\lib\</path>
         <kind>archive</kind>
         <file>rtsv7M4_T_le_v4SPD16_eabi.lib</file>
         <name>fputs.c.obj</name>
      </input_file>
      <input_file id="fl-c7">
         <path>C:\ti\ccs1281\ccs\tools\compiler\ti-cgt-arm_20.2.7.LTS\lib\</path>
         <kind>archive</kind>
         <file>rtsv7M4_T_le_v4SPD16_eabi.lib</file>
         <name>_io_perm.c.obj</name>
      </input_file>
      <input_file id="fl-c8">
         <path>C:\ti\ccs1281\ccs\tools\compiler\ti-cgt-arm_20.2.7.LTS\lib\</path>
         <kind>archive</kind>
         <file>rtsv7M4_T_le_v4SPD16_eabi.lib</file>
         <name>setvbuf.c.obj</name>
      </input_file>
      <input_file id="fl-c9">
         <path>C:\ti\ccs1281\ccs\tools\compiler\ti-cgt-arm_20.2.7.LTS\lib\</path>
         <kind>archive</kind>
         <file>rtsv7M4_T_le_v4SPD16_eabi.lib</file>
         <name>memcpy_t2.asm.obj</name>
      </input_file>
      <input_file id="fl-ca">
         <path>C:\ti\ccs1281\ccs\tools\compiler\ti-cgt-arm_20.2.7.LTS\lib\</path>
         <kind>archive</kind>
         <file>rtsv7M4_T_le_v4SPD16_eabi.lib</file>
         <name>memset_t2.asm.obj</name>
      </input_file>
      <input_file id="fl-cb">
         <path>C:\ti\ccs1281\ccs\tools\compiler\ti-cgt-arm_20.2.7.LTS\lib\</path>
         <kind>archive</kind>
         <file>rtsv7M4_T_le_v4SPD16_eabi.lib</file>
         <name>autoinit.c.obj</name>
      </input_file>
      <input_file id="fl-cc">
         <path>C:\ti\ccs1281\ccs\tools\compiler\ti-cgt-arm_20.2.7.LTS\lib\</path>
         <kind>archive</kind>
         <file>rtsv7M4_T_le_v4SPD16_eabi.lib</file>
         <name>pre_init.c.obj</name>
      </input_file>
      <input_file id="fl-cd">
         <path>C:\ti\ccs1281\ccs\tools\compiler\ti-cgt-arm_20.2.7.LTS\lib\</path>
         <kind>archive</kind>
         <file>rtsv7M4_T_le_v4SPD16_eabi.lib</file>
         <name>cpy_tbl.c.obj</name>
      </input_file>
      <input_file id="fl-ce">
         <path>C:\ti\ccs1281\ccs\tools\compiler\ti-cgt-arm_20.2.7.LTS\lib\</path>
         <kind>archive</kind>
         <file>rtsv7M4_T_le_v4SPD16_eabi.lib</file>
         <name>exit.c.obj</name>
      </input_file>
      <input_file id="fl-cf">
         <path>C:\ti\ccs1281\ccs\tools\compiler\ti-cgt-arm_20.2.7.LTS\lib\</path>
         <kind>archive</kind>
         <file>rtsv7M4_T_le_v4SPD16_eabi.lib</file>
         <name>_lock.c.obj</name>
      </input_file>
      <input_file id="fl-d0">
         <path>C:\ti\ccs1281\ccs\tools\compiler\ti-cgt-arm_20.2.7.LTS\lib\</path>
         <kind>archive</kind>
         <file>rtsv7M4_T_le_v4SPD16_eabi.lib</file>
         <name>args_main.c.obj</name>
      </input_file>
      <input_file id="fl-d1">
         <path>C:\ti\ccs1281\ccs\tools\compiler\ti-cgt-arm_20.2.7.LTS\lib\</path>
         <kind>archive</kind>
         <file>rtsv7M4_T_le_v4SPD16_eabi.lib</file>
         <name>memchr.c.obj</name>
      </input_file>
      <input_file id="fl-d2">
         <path>C:\ti\ccs1281\ccs\tools\compiler\ti-cgt-arm_20.2.7.LTS\lib\</path>
         <kind>archive</kind>
         <file>rtsv7M4_T_le_v4SPD16_eabi.lib</file>
         <name>memory.c.obj</name>
      </input_file>
      <input_file id="fl-d3">
         <path>C:\ti\ccs1281\ccs\tools\compiler\ti-cgt-arm_20.2.7.LTS\lib\</path>
         <kind>archive</kind>
         <file>rtsv7M4_T_le_v4SPD16_eabi.lib</file>
         <name>strlen.c.obj</name>
      </input_file>
      <input_file id="fl-d4">
         <path>C:\ti\ccs1281\ccs\tools\compiler\ti-cgt-arm_20.2.7.LTS\lib\</path>
         <kind>archive</kind>
         <file>rtsv7M4_T_le_v4SPD16_eabi.lib</file>
         <name>write.c.obj</name>
      </input_file>
      <input_file id="fl-d5">
         <path>C:\ti\ccs1281\ccs\tools\compiler\ti-cgt-arm_20.2.7.LTS\lib\</path>
         <kind>archive</kind>
         <file>rtsv7M4_T_le_v4SPD16_eabi.lib</file>
         <name>host_device.c.obj</name>
      </input_file>
      <input_file id="fl-d6">
         <path>C:\ti\ccs1281\ccs\tools\compiler\ti-cgt-arm_20.2.7.LTS\lib\</path>
         <kind>archive</kind>
         <file>rtsv7M4_T_le_v4SPD16_eabi.lib</file>
         <name>fopen.c.obj</name>
      </input_file>
      <input_file id="fl-d7">
         <path>C:\ti\ccs1281\ccs\tools\compiler\ti-cgt-arm_20.2.7.LTS\lib\</path>
         <kind>archive</kind>
         <file>rtsv7M4_T_le_v4SPD16_eabi.lib</file>
         <name>fseek.c.obj</name>
      </input_file>
      <input_file id="fl-d8">
         <path>C:\ti\ccs1281\ccs\tools\compiler\ti-cgt-arm_20.2.7.LTS\lib\</path>
         <kind>archive</kind>
         <file>rtsv7M4_T_le_v4SPD16_eabi.lib</file>
         <name>hostclose.c.obj</name>
      </input_file>
      <input_file id="fl-d9">
         <path>C:\ti\ccs1281\ccs\tools\compiler\ti-cgt-arm_20.2.7.LTS\lib\</path>
         <kind>archive</kind>
         <file>rtsv7M4_T_le_v4SPD16_eabi.lib</file>
         <name>hostlseek.c.obj</name>
      </input_file>
      <input_file id="fl-da">
         <path>C:\ti\ccs1281\ccs\tools\compiler\ti-cgt-arm_20.2.7.LTS\lib\</path>
         <kind>archive</kind>
         <file>rtsv7M4_T_le_v4SPD16_eabi.lib</file>
         <name>hostopen.c.obj</name>
      </input_file>
      <input_file id="fl-db">
         <path>C:\ti\ccs1281\ccs\tools\compiler\ti-cgt-arm_20.2.7.LTS\lib\</path>
         <kind>archive</kind>
         <file>rtsv7M4_T_le_v4SPD16_eabi.lib</file>
         <name>hostread.c.obj</name>
      </input_file>
      <input_file id="fl-dc">
         <path>C:\ti\ccs1281\ccs\tools\compiler\ti-cgt-arm_20.2.7.LTS\lib\</path>
         <kind>archive</kind>
         <file>rtsv7M4_T_le_v4SPD16_eabi.lib</file>
         <name>hostrename.c.obj</name>
      </input_file>
      <input_file id="fl-dd">
         <path>C:\ti\ccs1281\ccs\tools\compiler\ti-cgt-arm_20.2.7.LTS\lib\</path>
         <kind>archive</kind>
         <file>rtsv7M4_T_le_v4SPD16_eabi.lib</file>
         <name>hostunlink.c.obj</name>
      </input_file>
      <input_file id="fl-de">
         <path>C:\ti\ccs1281\ccs\tools\compiler\ti-cgt-arm_20.2.7.LTS\lib\</path>
         <kind>archive</kind>
         <file>rtsv7M4_T_le_v4SPD16_eabi.lib</file>
         <name>hostwrite.c.obj</name>
      </input_file>
      <input_file id="fl-df">
         <path>C:\ti\ccs1281\ccs\tools\compiler\ti-cgt-arm_20.2.7.LTS\lib\</path>
         <kind>archive</kind>
         <file>rtsv7M4_T_le_v4SPD16_eabi.lib</file>
         <name>trgmsg.c.obj</name>
      </input_file>
      <input_file id="fl-e0">
         <path>C:\ti\ccs1281\ccs\tools\compiler\ti-cgt-arm_20.2.7.LTS\lib\</path>
         <kind>archive</kind>
         <file>rtsv7M4_T_le_v4SPD16_eabi.lib</file>
         <name>open.c.obj</name>
      </input_file>
      <input_file id="fl-e1">
         <path>C:\ti\ccs1281\ccs\tools\compiler\ti-cgt-arm_20.2.7.LTS\lib\</path>
         <kind>archive</kind>
         <file>rtsv7M4_T_le_v4SPD16_eabi.lib</file>
         <name>lseek.c.obj</name>
      </input_file>
      <input_file id="fl-e2">
         <path>C:\ti\ccs1281\ccs\tools\compiler\ti-cgt-arm_20.2.7.LTS\lib\</path>
         <kind>archive</kind>
         <file>rtsv7M4_T_le_v4SPD16_eabi.lib</file>
         <name>fclose.c.obj</name>
      </input_file>
      <input_file id="fl-e3">
         <path>C:\ti\ccs1281\ccs\tools\compiler\ti-cgt-arm_20.2.7.LTS\lib\</path>
         <kind>archive</kind>
         <file>rtsv7M4_T_le_v4SPD16_eabi.lib</file>
         <name>getdevice.c.obj</name>
      </input_file>
      <input_file id="fl-e4">
         <path>C:\ti\ccs1281\ccs\tools\compiler\ti-cgt-arm_20.2.7.LTS\lib\</path>
         <kind>archive</kind>
         <file>rtsv7M4_T_le_v4SPD16_eabi.lib</file>
         <name>strchr.c.obj</name>
      </input_file>
      <input_file id="fl-e5">
         <path>C:\ti\ccs1281\ccs\tools\compiler\ti-cgt-arm_20.2.7.LTS\lib\</path>
         <kind>archive</kind>
         <file>rtsv7M4_T_le_v4SPD16_eabi.lib</file>
         <name>strcmp.c.obj</name>
      </input_file>
      <input_file id="fl-e6">
         <path>C:\ti\ccs1281\ccs\tools\compiler\ti-cgt-arm_20.2.7.LTS\lib\</path>
         <kind>archive</kind>
         <file>rtsv7M4_T_le_v4SPD16_eabi.lib</file>
         <name>strcpy.c.obj</name>
      </input_file>
      <input_file id="fl-e7">
         <path>C:\ti\ccs1281\ccs\tools\compiler\ti-cgt-arm_20.2.7.LTS\lib\</path>
         <kind>archive</kind>
         <file>rtsv7M4_T_le_v4SPD16_eabi.lib</file>
         <name>strncpy.c.obj</name>
      </input_file>
      <input_file id="fl-e8">
         <path>C:\ti\ccs1281\ccs\tools\compiler\ti-cgt-arm_20.2.7.LTS\lib\</path>
         <kind>archive</kind>
         <file>rtsv7M4_T_le_v4SPD16_eabi.lib</file>
         <name>remove.c.obj</name>
      </input_file>
      <input_file id="fl-e9">
         <path>C:\ti\ccs1281\ccs\tools\compiler\ti-cgt-arm_20.2.7.LTS\lib\</path>
         <kind>archive</kind>
         <file>rtsv7M4_T_le_v4SPD16_eabi.lib</file>
         <name>close.c.obj</name>
      </input_file>
      <input_file id="fl-ea">
         <path>C:\ti\ccs1281\ccs\tools\compiler\ti-cgt-arm_20.2.7.LTS\lib\</path>
         <kind>archive</kind>
         <file>rtsv7M4_T_le_v4SPD16_eabi.lib</file>
         <name>unlink.c.obj</name>
      </input_file>
   </input_file_list>
   <object_component_list>
      <object_component id="oc-12">
         <name>.intvecs</name>
         <load_address>0x0</load_address>
         <run_address>0x0</run_address>
         <size>0x26c</size>
         <input_file_ref idref="fl-3"/>
      </object_component>
      <object_component id="oc-a2">
         <name>.text</name>
         <load_address>0x26c</load_address>
         <run_address>0x26c</run_address>
         <size>0x69c</size>
         <input_file_ref idref="fl-2"/>
      </object_component>
      <object_component id="oc-d5">
         <name>.text</name>
         <load_address>0x908</load_address>
         <run_address>0x908</run_address>
         <size>0x254</size>
         <input_file_ref idref="fl-4"/>
      </object_component>
      <object_component id="oc-133">
         <name>.text:fputs</name>
         <load_address>0xb5c</load_address>
         <run_address>0xb5c</run_address>
         <size>0x114</size>
         <input_file_ref idref="fl-c6"/>
      </object_component>
      <object_component id="oc-239">
         <name>.text:aligned_alloc</name>
         <load_address>0xc70</load_address>
         <run_address>0xc70</run_address>
         <size>0x100</size>
         <input_file_ref idref="fl-d2"/>
      </object_component>
      <object_component id="oc-1f7">
         <name>.text:free</name>
         <load_address>0xd70</load_address>
         <run_address>0xd70</run_address>
         <size>0xe4</size>
         <input_file_ref idref="fl-d2"/>
      </object_component>
      <object_component id="oc-1c6">
         <name>.text:setvbuf</name>
         <load_address>0xe54</load_address>
         <run_address>0xe54</run_address>
         <size>0xdc</size>
         <input_file_ref idref="fl-c8"/>
      </object_component>
      <object_component id="oc-e2">
         <name>.text</name>
         <load_address>0xf30</load_address>
         <run_address>0xf30</run_address>
         <size>0xbc</size>
         <input_file_ref idref="fl-5"/>
      </object_component>
      <object_component id="oc-3e">
         <name>.text</name>
         <load_address>0xfec</load_address>
         <run_address>0xfec</run_address>
         <size>0x9c</size>
         <input_file_ref idref="fl-c9"/>
      </object_component>
      <object_component id="oc-139">
         <name>.text:fflush</name>
         <load_address>0x1088</load_address>
         <run_address>0x1088</run_address>
         <size>0x7c</size>
         <input_file_ref idref="fl-c5"/>
      </object_component>
      <object_component id="oc-240">
         <name>.text:__TI_closefile</name>
         <load_address>0x1104</load_address>
         <run_address>0x1104</run_address>
         <size>0x74</size>
         <input_file_ref idref="fl-e2"/>
      </object_component>
      <object_component id="oc-27e">
         <name>.text:split</name>
         <load_address>0x1178</load_address>
         <run_address>0x1178</run_address>
         <size>0x70</size>
         <input_file_ref idref="fl-d2"/>
      </object_component>
      <object_component id="oc-26d">
         <name>.text:HOSTrename</name>
         <load_address>0x11e8</load_address>
         <run_address>0x11e8</run_address>
         <size>0x6c</size>
         <input_file_ref idref="fl-dc"/>
      </object_component>
      <object_component id="oc-261">
         <name>.text:HOSTlseek</name>
         <load_address>0x1254</load_address>
         <run_address>0x1254</run_address>
         <size>0x68</size>
         <input_file_ref idref="fl-d9"/>
      </object_component>
      <object_component id="oc-15">
         <name>.text:decompress:lzss:__TI_decompress_lzss</name>
         <load_address>0x12bc</load_address>
         <run_address>0x12bc</run_address>
         <size>0x68</size>
         <input_file_ref idref="fl-c1"/>
      </object_component>
      <object_component id="oc-1c0">
         <name>.text:fseek</name>
         <load_address>0x1324</load_address>
         <run_address>0x1324</run_address>
         <size>0x64</size>
         <input_file_ref idref="fl-d7"/>
      </object_component>
      <object_component id="oc-16b">
         <name>.text:__TI_wrt_ok</name>
         <load_address>0x1388</load_address>
         <run_address>0x1388</run_address>
         <size>0x62</size>
         <input_file_ref idref="fl-c7"/>
      </object_component>
      <object_component id="oc-1a1">
         <name>.text:_nop</name>
         <load_address>0x13ea</load_address>
         <run_address>0x13ea</run_address>
         <size>0x2</size>
         <input_file_ref idref="fl-cf"/>
      </object_component>
      <object_component id="oc-249">
         <name>.text:HOSTopen</name>
         <load_address>0x13ec</load_address>
         <run_address>0x13ec</run_address>
         <size>0x60</size>
         <input_file_ref idref="fl-da"/>
      </object_component>
      <object_component id="oc-285">
         <name>.text:close</name>
         <load_address>0x144c</load_address>
         <run_address>0x144c</run_address>
         <size>0x5c</size>
         <input_file_ref idref="fl-e9"/>
      </object_component>
      <object_component id="oc-255">
         <name>.text:HOSTread</name>
         <load_address>0x14a8</load_address>
         <run_address>0x14a8</run_address>
         <size>0x58</size>
         <input_file_ref idref="fl-db"/>
      </object_component>
      <object_component id="oc-25b">
         <name>.text:HOSTwrite</name>
         <load_address>0x1500</load_address>
         <run_address>0x1500</run_address>
         <size>0x58</size>
         <input_file_ref idref="fl-de"/>
      </object_component>
      <object_component id="oc-17d">
         <name>.text:__TI_doflush</name>
         <load_address>0x1558</load_address>
         <run_address>0x1558</run_address>
         <size>0x4c</size>
         <input_file_ref idref="fl-c5"/>
      </object_component>
      <object_component id="oc-ef">
         <name>.text:exit</name>
         <load_address>0x15a4</load_address>
         <run_address>0x15a4</run_address>
         <size>0x48</size>
         <input_file_ref idref="fl-ce"/>
      </object_component>
      <object_component id="oc-24f">
         <name>.text:HOSTclose</name>
         <load_address>0x15ec</load_address>
         <run_address>0x15ec</run_address>
         <size>0x44</size>
         <input_file_ref idref="fl-d8"/>
      </object_component>
      <object_component id="oc-267">
         <name>.text:HOSTunlink</name>
         <load_address>0x1630</load_address>
         <run_address>0x1630</run_address>
         <size>0x44</size>
         <input_file_ref idref="fl-dd"/>
      </object_component>
      <object_component id="oc-f5">
         <name>.text:__TI_auto_init_nobinit_nopinit:__TI_auto_init_nobinit_nopinit</name>
         <load_address>0x1674</load_address>
         <run_address>0x1674</run_address>
         <size>0x44</size>
         <input_file_ref idref="fl-cb"/>
      </object_component>
      <object_component id="oc-2bb">
         <name>.text:getdevice</name>
         <load_address>0x16b8</load_address>
         <run_address>0x16b8</run_address>
         <size>0x44</size>
         <input_file_ref idref="fl-e3"/>
      </object_component>
      <object_component id="oc-294">
         <name>.text:__TI_writemsg</name>
         <load_address>0x16fc</load_address>
         <run_address>0x16fc</run_address>
         <size>0x38</size>
         <input_file_ref idref="fl-df"/>
      </object_component>
      <object_component id="oc-2e3">
         <name>.text:strncpy</name>
         <load_address>0x1734</load_address>
         <run_address>0x1734</run_address>
         <size>0x36</size>
         <input_file_ref idref="fl-e7"/>
      </object_component>
      <object_component id="oc-203">
         <name>.text:__TI_cleanup</name>
         <load_address>0x176c</load_address>
         <run_address>0x176c</run_address>
         <size>0x34</size>
         <input_file_ref idref="fl-d6"/>
      </object_component>
      <object_component id="oc-29a">
         <name>.text:__TI_readmsg</name>
         <load_address>0x17a0</load_address>
         <run_address>0x17a0</run_address>
         <size>0x34</size>
         <input_file_ref idref="fl-df"/>
      </object_component>
      <object_component id="oc-5c">
         <name>.text:_c_int00_noargs:_c_int00_noargs</name>
         <load_address>0x17d4</load_address>
         <run_address>0x17d4</run_address>
         <size>0x34</size>
         <input_file_ref idref="fl-c4"/>
      </object_component>
      <object_component id="oc-2e9">
         <name>.text:finddevice</name>
         <load_address>0x1808</load_address>
         <run_address>0x1808</run_address>
         <size>0x30</size>
         <input_file_ref idref="fl-e3"/>
      </object_component>
      <object_component id="oc-28b">
         <name>.text:unlink</name>
         <load_address>0x1838</load_address>
         <run_address>0x1838</run_address>
         <size>0x2c</size>
         <input_file_ref idref="fl-ea"/>
      </object_component>
      <object_component id="oc-232">
         <name>.text:free_list_insert</name>
         <load_address>0x1864</load_address>
         <run_address>0x1864</run_address>
         <size>0x28</size>
         <input_file_ref idref="fl-d2"/>
      </object_component>
      <object_component id="oc-1ef">
         <name>.text:lseek</name>
         <load_address>0x188c</load_address>
         <run_address>0x188c</run_address>
         <size>0x28</size>
         <input_file_ref idref="fl-e1"/>
      </object_component>
      <object_component id="oc-183">
         <name>.text:write</name>
         <load_address>0x18b4</load_address>
         <run_address>0x18b4</run_address>
         <size>0x28</size>
         <input_file_ref idref="fl-d4"/>
      </object_component>
      <object_component id="oc-177">
         <name>.text:memchr</name>
         <load_address>0x18dc</load_address>
         <run_address>0x18dc</run_address>
         <size>0x20</size>
         <input_file_ref idref="fl-d1"/>
      </object_component>
      <object_component id="oc-db">
         <name>.text:_abort_msg</name>
         <load_address>0x18fc</load_address>
         <run_address>0x18fc</run_address>
         <size>0x1c</size>
         <input_file_ref idref="fl-c2"/>
      </object_component>
      <object_component id="oc-4a">
         <name>.text:decompress:ZI:__TI_zero_init_nomemset:__TI_zero_init_nomemset</name>
         <load_address>0x1918</load_address>
         <run_address>0x1918</run_address>
         <size>0x1c</size>
         <input_file_ref idref="fl-bf"/>
      </object_component>
      <object_component id="oc-22c">
         <name>.text:free_list_remove</name>
         <load_address>0x1934</load_address>
         <run_address>0x1934</run_address>
         <size>0x1c</size>
         <input_file_ref idref="fl-d2"/>
      </object_component>
      <object_component id="oc-302">
         <name>.text:strcmp</name>
         <load_address>0x1950</load_address>
         <run_address>0x1950</run_address>
         <size>0x18</size>
         <input_file_ref idref="fl-e5"/>
      </object_component>
      <object_component id="oc-2dd">
         <name>.text:strchr</name>
         <load_address>0x1968</load_address>
         <run_address>0x1968</run_address>
         <size>0x16</size>
         <input_file_ref idref="fl-e4"/>
      </object_component>
      <object_component id="oc-2ae">
         <name>.text:strcpy</name>
         <load_address>0x197e</load_address>
         <run_address>0x197e</run_address>
         <size>0x14</size>
         <input_file_ref idref="fl-e6"/>
      </object_component>
      <object_component id="oc-171">
         <name>.text:strlen</name>
         <load_address>0x1992</load_address>
         <run_address>0x1992</run_address>
         <size>0x14</size>
         <input_file_ref idref="fl-d3"/>
      </object_component>
      <object_component id="oc-1b">
         <name>.text:decompress:none:__TI_decompress_none</name>
         <load_address>0x19a6</load_address>
         <run_address>0x19a6</run_address>
         <size>0xe</size>
         <input_file_ref idref="fl-c0"/>
      </object_component>
      <object_component id="oc-2a">
         <name>.text</name>
         <load_address>0x19b4</load_address>
         <run_address>0x19b4</run_address>
         <size>0xc</size>
         <input_file_ref idref="fl-3"/>
      </object_component>
      <object_component id="oc-1fd">
         <name>.text:malloc</name>
         <load_address>0x19c0</load_address>
         <run_address>0x19c0</run_address>
         <size>0x8</size>
         <input_file_ref idref="fl-d2"/>
      </object_component>
      <object_component id="oc-9c">
         <name>.text:_system_pre_init</name>
         <load_address>0x19c8</load_address>
         <run_address>0x19c8</run_address>
         <size>0x4</size>
         <input_file_ref idref="fl-cc"/>
      </object_component>
      <object_component id="oc-e9">
         <name>.text:abort:abort</name>
         <load_address>0x19cc</load_address>
         <run_address>0x19cc</run_address>
         <size>0x4</size>
         <input_file_ref idref="fl-ce"/>
      </object_component>
      <object_component id="oc-e1">
         <name>.const:.string</name>
         <load_address>0x19d0</load_address>
         <run_address>0x19d0</run_address>
         <size>0x146</size>
         <input_file_ref idref="fl-2"/>
      </object_component>
      <object_component id="oc-343">
         <name>.cinit..data.load</name>
         <load_address>0x1b18</load_address>
         <run_address>0x1b18</run_address>
         <size>0x66</size>
      </object_component>
      <object_component id="oc-341">
         <name>__TI_handler_table</name>
         <load_address>0x1b80</load_address>
         <run_address>0x1b80</run_address>
         <size>0xc</size>
      </object_component>
      <object_component id="oc-344">
         <name>.cinit..bss.load</name>
         <load_address>0x1b90</load_address>
         <run_address>0x1b90</run_address>
         <size>0x8</size>
      </object_component>
      <object_component id="oc-342">
         <name>__TI_cinit_table</name>
         <load_address>0x1b98</load_address>
         <run_address>0x1b98</run_address>
         <size>0x10</size>
      </object_component>
      <object_component id="oc-144">
         <name>.data</name>
         <load_address>0x200003e4</load_address>
         <run_address>0x200003e4</run_address>
         <size>0x4</size>
         <input_file_ref idref="fl-5"/>
      </object_component>
      <object_component id="oc-13f">
         <name>.data:_ftable</name>
         <load_address>0x20000200</load_address>
         <run_address>0x20000200</run_address>
         <size>0xf0</size>
         <input_file_ref idref="fl-c3"/>
      </object_component>
      <object_component id="oc-18b">
         <name>.data</name>
         <load_address>0x200003b8</load_address>
         <run_address>0x200003b8</run_address>
         <size>0x10</size>
         <input_file_ref idref="fl-c3"/>
      </object_component>
      <object_component id="oc-14a">
         <name>.data:$O1$$</name>
         <load_address>0x200003c8</load_address>
         <run_address>0x200003c8</run_address>
         <size>0xc</size>
         <input_file_ref idref="fl-ce"/>
      </object_component>
      <object_component id="oc-14d">
         <name>.data:$O1$$</name>
         <load_address>0x200003d4</load_address>
         <run_address>0x200003d4</run_address>
         <size>0x8</size>
         <input_file_ref idref="fl-cf"/>
      </object_component>
      <object_component id="oc-279">
         <name>.data:$O1$$</name>
         <load_address>0x200003dc</load_address>
         <run_address>0x200003dc</run_address>
         <size>0x8</size>
         <input_file_ref idref="fl-d2"/>
      </object_component>
      <object_component id="oc-216">
         <name>.data:_device</name>
         <load_address>0x200002f0</load_address>
         <run_address>0x200002f0</run_address>
         <size>0x78</size>
         <input_file_ref idref="fl-d5"/>
      </object_component>
      <object_component id="oc-1d3">
         <name>.data:_stream</name>
         <load_address>0x20000368</load_address>
         <run_address>0x20000368</run_address>
         <size>0x50</size>
         <input_file_ref idref="fl-d5"/>
      </object_component>
      <object_component id="oc-2c5">
         <name>.bss:_CIOBUF_</name>
         <uninitialized>true</uninitialized>
         <run_address>0x200003e8</run_address>
         <size>0x120</size>
         <input_file_ref idref="fl-df"/>
      </object_component>
      <object_component id="oc-291">
         <name>.common:__TI_tmpnams</name>
         <uninitialized>true</uninitialized>
         <run_address>0x20000508</run_address>
         <size>0xa0</size>
      </object_component>
      <object_component id="oc-2a0">
         <name>.common:parmbuf</name>
         <uninitialized>true</uninitialized>
         <run_address>0x200005a8</run_address>
         <size>0x8</size>
      </object_component>
      <object_component id="oc-27">
         <name>.sysmem</name>
         <uninitialized>true</uninitialized>
         <run_address>0x200005b0</run_address>
         <size>0x10</size>
         <input_file_ref idref="fl-d2"/>
      </object_component>
      <object_component id="oc-347">
         <name>.sysmem</name>
         <uninitialized>true</uninitialized>
         <run_address>0x200005b0</run_address>
         <size>0x0</size>
      </object_component>
      <object_component id="oc-24">
         <name>.stack</name>
         <uninitialized>true</uninitialized>
         <run_address>0x20000000</run_address>
         <size>0x4</size>
         <input_file_ref idref="fl-c4"/>
      </object_component>
      <object_component id="oc-346">
         <name>.stack</name>
         <uninitialized>true</uninitialized>
         <run_address>0x20000000</run_address>
         <size>0x0</size>
      </object_component>
      <object_component id="oc-a3">
         <name>.debug_info</name>
         <load_address>0x0</load_address>
         <run_address>0x0</run_address>
         <size>0x4cf</size>
         <input_file_ref idref="fl-2"/>
      </object_component>
      <object_component id="oc-128">
         <name>.debug_info</name>
         <load_address>0x4cf</load_address>
         <run_address>0x4cf</run_address>
         <size>0xb7</size>
         <input_file_ref idref="fl-2"/>
      </object_component>
      <object_component id="oc-39">
         <name>.debug_info</name>
         <load_address>0x586</load_address>
         <run_address>0x586</run_address>
         <size>0x84</size>
         <input_file_ref idref="fl-2"/>
      </object_component>
      <object_component id="oc-12d">
         <name>.debug_info</name>
         <load_address>0x60a</load_address>
         <run_address>0x60a</run_address>
         <size>0xae</size>
         <input_file_ref idref="fl-2"/>
      </object_component>
      <object_component id="oc-32">
         <name>.debug_info</name>
         <load_address>0x6b8</load_address>
         <run_address>0x6b8</run_address>
         <size>0x2ff</size>
         <input_file_ref idref="fl-3"/>
      </object_component>
      <object_component id="oc-13">
         <name>.debug_info</name>
         <load_address>0x9b7</load_address>
         <run_address>0x9b7</run_address>
         <size>0x13e</size>
         <input_file_ref idref="fl-3"/>
      </object_component>
      <object_component id="oc-2c">
         <name>.debug_info</name>
         <load_address>0xaf5</load_address>
         <run_address>0xaf5</run_address>
         <size>0x2ba</size>
         <input_file_ref idref="fl-3"/>
      </object_component>
      <object_component id="oc-77">
         <name>.debug_info</name>
         <load_address>0xdaf</load_address>
         <run_address>0xdaf</run_address>
         <size>0x26b</size>
         <input_file_ref idref="fl-3"/>
      </object_component>
      <object_component id="oc-c0">
         <name>.debug_info</name>
         <load_address>0x101a</load_address>
         <run_address>0x101a</run_address>
         <size>0x2a4</size>
         <input_file_ref idref="fl-3"/>
      </object_component>
      <object_component id="oc-7c">
         <name>.debug_info</name>
         <load_address>0x12be</load_address>
         <run_address>0x12be</run_address>
         <size>0xbb</size>
         <input_file_ref idref="fl-3"/>
      </object_component>
      <object_component id="oc-132">
         <name>.debug_info</name>
         <load_address>0x1379</load_address>
         <run_address>0x1379</run_address>
         <size>0x2b0</size>
         <input_file_ref idref="fl-4"/>
      </object_component>
      <object_component id="oc-d8">
         <name>.debug_info</name>
         <load_address>0x1629</load_address>
         <run_address>0x1629</run_address>
         <size>0x657</size>
         <input_file_ref idref="fl-4"/>
      </object_component>
      <object_component id="oc-148">
         <name>.debug_info</name>
         <load_address>0x1c80</load_address>
         <run_address>0x1c80</run_address>
         <size>0x2bc</size>
         <input_file_ref idref="fl-5"/>
      </object_component>
      <object_component id="oc-145">
         <name>.debug_info</name>
         <load_address>0x1f3c</load_address>
         <run_address>0x1f3c</run_address>
         <size>0x143</size>
         <input_file_ref idref="fl-5"/>
      </object_component>
      <object_component id="oc-e5">
         <name>.debug_info</name>
         <load_address>0x207f</load_address>
         <run_address>0x207f</run_address>
         <size>0x546</size>
         <input_file_ref idref="fl-5"/>
      </object_component>
      <object_component id="oc-95">
         <name>.debug_info</name>
         <load_address>0x25c5</load_address>
         <run_address>0x25c5</run_address>
         <size>0x2d4</size>
         <input_file_ref idref="fl-bf"/>
      </object_component>
      <object_component id="oc-4e">
         <name>.debug_info</name>
         <load_address>0x2899</load_address>
         <run_address>0x2899</run_address>
         <size>0x1d2</size>
         <input_file_ref idref="fl-bf"/>
      </object_component>
      <object_component id="oc-90">
         <name>.debug_info</name>
         <load_address>0x2a6b</load_address>
         <run_address>0x2a6b</run_address>
         <size>0x46</size>
         <input_file_ref idref="fl-bf"/>
      </object_component>
      <object_component id="oc-cc">
         <name>.debug_info</name>
         <load_address>0x2ab1</load_address>
         <run_address>0x2ab1</run_address>
         <size>0x2c</size>
         <input_file_ref idref="fl-bf"/>
      </object_component>
      <object_component id="oc-49">
         <name>.debug_info</name>
         <load_address>0x2add</load_address>
         <run_address>0x2add</run_address>
         <size>0x2a8</size>
         <input_file_ref idref="fl-c0"/>
      </object_component>
      <object_component id="oc-1c">
         <name>.debug_info</name>
         <load_address>0x2d85</load_address>
         <run_address>0x2d85</run_address>
         <size>0x1ea</size>
         <input_file_ref idref="fl-c0"/>
      </object_component>
      <object_component id="oc-44">
         <name>.debug_info</name>
         <load_address>0x2f6f</load_address>
         <run_address>0x2f6f</run_address>
         <size>0x46</size>
         <input_file_ref idref="fl-c0"/>
      </object_component>
      <object_component id="oc-88">
         <name>.debug_info</name>
         <load_address>0x2fb5</load_address>
         <run_address>0x2fb5</run_address>
         <size>0x2c</size>
         <input_file_ref idref="fl-c0"/>
      </object_component>
      <object_component id="oc-86">
         <name>.debug_info</name>
         <load_address>0x2fe1</load_address>
         <run_address>0x2fe1</run_address>
         <size>0x29e</size>
         <input_file_ref idref="fl-c1"/>
      </object_component>
      <object_component id="oc-16">
         <name>.debug_info</name>
         <load_address>0x327f</load_address>
         <run_address>0x327f</run_address>
         <size>0x250</size>
         <input_file_ref idref="fl-c1"/>
      </object_component>
      <object_component id="oc-34">
         <name>.debug_info</name>
         <load_address>0x34cf</load_address>
         <run_address>0x34cf</run_address>
         <size>0x60</size>
         <input_file_ref idref="fl-c1"/>
      </object_component>
      <object_component id="oc-c5">
         <name>.debug_info</name>
         <load_address>0x352f</load_address>
         <run_address>0x352f</run_address>
         <size>0x46</size>
         <input_file_ref idref="fl-c1"/>
      </object_component>
      <object_component id="oc-81">
         <name>.debug_info</name>
         <load_address>0x3575</load_address>
         <run_address>0x3575</run_address>
         <size>0x39</size>
         <input_file_ref idref="fl-c1"/>
      </object_component>
      <object_component id="oc-143">
         <name>.debug_info</name>
         <load_address>0x35ae</load_address>
         <run_address>0x35ae</run_address>
         <size>0x322</size>
         <input_file_ref idref="fl-c2"/>
      </object_component>
      <object_component id="oc-dd">
         <name>.debug_info</name>
         <load_address>0x38d0</load_address>
         <run_address>0x38d0</run_address>
         <size>0x177</size>
         <input_file_ref idref="fl-c2"/>
      </object_component>
      <object_component id="oc-196">
         <name>.debug_info</name>
         <load_address>0x3a47</load_address>
         <run_address>0x3a47</run_address>
         <size>0xb2</size>
         <input_file_ref idref="fl-c2"/>
      </object_component>
      <object_component id="oc-192">
         <name>.debug_info</name>
         <load_address>0x3af9</load_address>
         <run_address>0x3af9</run_address>
         <size>0x144</size>
         <input_file_ref idref="fl-c3"/>
      </object_component>
      <object_component id="oc-140">
         <name>.debug_info</name>
         <load_address>0x3c3d</load_address>
         <run_address>0x3c3d</run_address>
         <size>0x102</size>
         <input_file_ref idref="fl-c3"/>
      </object_component>
      <object_component id="oc-18c">
         <name>.debug_info</name>
         <load_address>0x3d3f</load_address>
         <run_address>0x3d3f</run_address>
         <size>0x18f</size>
         <input_file_ref idref="fl-c3"/>
      </object_component>
      <object_component id="oc-25">
         <name>.debug_info</name>
         <load_address>0x3ece</load_address>
         <run_address>0x3ece</run_address>
         <size>0x10b</size>
         <input_file_ref idref="fl-c4"/>
      </object_component>
      <object_component id="oc-5e">
         <name>.debug_info</name>
         <load_address>0x3fd9</load_address>
         <run_address>0x3fd9</run_address>
         <size>0x1a9</size>
         <input_file_ref idref="fl-c4"/>
      </object_component>
      <object_component id="oc-18f">
         <name>.debug_info</name>
         <load_address>0x4182</load_address>
         <run_address>0x4182</run_address>
         <size>0x347</size>
         <input_file_ref idref="fl-c5"/>
      </object_component>
      <object_component id="oc-17f">
         <name>.debug_info</name>
         <load_address>0x44c9</load_address>
         <run_address>0x44c9</run_address>
         <size>0x18a</size>
         <input_file_ref idref="fl-c5"/>
      </object_component>
      <object_component id="oc-13d">
         <name>.debug_info</name>
         <load_address>0x4653</load_address>
         <run_address>0x4653</run_address>
         <size>0x1c8</size>
         <input_file_ref idref="fl-c5"/>
      </object_component>
      <object_component id="oc-18a">
         <name>.debug_info</name>
         <load_address>0x481b</load_address>
         <run_address>0x481b</run_address>
         <size>0x3fc</size>
         <input_file_ref idref="fl-c6"/>
      </object_component>
      <object_component id="oc-135">
         <name>.debug_info</name>
         <load_address>0x4c17</load_address>
         <run_address>0x4c17</run_address>
         <size>0x2e2</size>
         <input_file_ref idref="fl-c6"/>
      </object_component>
      <object_component id="oc-1cd">
         <name>.debug_info</name>
         <load_address>0x4ef9</load_address>
         <run_address>0x4ef9</run_address>
         <size>0x300</size>
         <input_file_ref idref="fl-c7"/>
      </object_component>
      <object_component id="oc-16f">
         <name>.debug_info</name>
         <load_address>0x51f9</load_address>
         <run_address>0x51f9</run_address>
         <size>0x19c</size>
         <input_file_ref idref="fl-c7"/>
      </object_component>
      <object_component id="oc-20b">
         <name>.debug_info</name>
         <load_address>0x5395</load_address>
         <run_address>0x5395</run_address>
         <size>0xbf</size>
         <input_file_ref idref="fl-c7"/>
      </object_component>
      <object_component id="oc-20a">
         <name>.debug_info</name>
         <load_address>0x5454</load_address>
         <run_address>0x5454</run_address>
         <size>0x374</size>
         <input_file_ref idref="fl-c8"/>
      </object_component>
      <object_component id="oc-1ca">
         <name>.debug_info</name>
         <load_address>0x57c8</load_address>
         <run_address>0x57c8</run_address>
         <size>0x20b</size>
         <input_file_ref idref="fl-c8"/>
      </object_component>
      <object_component id="oc-40">
         <name>.debug_info</name>
         <load_address>0x59d3</load_address>
         <run_address>0x59d3</run_address>
         <size>0x119</size>
         <input_file_ref idref="fl-c9"/>
      </object_component>
      <object_component id="oc-154">
         <name>.debug_info</name>
         <load_address>0x5aec</load_address>
         <run_address>0x5aec</run_address>
         <size>0x4b3</size>
         <input_file_ref idref="fl-cb"/>
      </object_component>
      <object_component id="oc-f7">
         <name>.debug_info</name>
         <load_address>0x5f9f</load_address>
         <run_address>0x5f9f</run_address>
         <size>0x1a6</size>
         <input_file_ref idref="fl-cb"/>
      </object_component>
      <object_component id="oc-1af">
         <name>.debug_info</name>
         <load_address>0x6145</load_address>
         <run_address>0x6145</run_address>
         <size>0x39</size>
         <input_file_ref idref="fl-cb"/>
      </object_component>
      <object_component id="oc-1e3">
         <name>.debug_info</name>
         <load_address>0x617e</load_address>
         <run_address>0x617e</run_address>
         <size>0x39</size>
         <input_file_ref idref="fl-cb"/>
      </object_component>
      <object_component id="oc-1b4">
         <name>.debug_info</name>
         <load_address>0x61b7</load_address>
         <run_address>0x61b7</run_address>
         <size>0x39</size>
         <input_file_ref idref="fl-cb"/>
      </object_component>
      <object_component id="oc-1b9">
         <name>.debug_info</name>
         <load_address>0x61f0</load_address>
         <run_address>0x61f0</run_address>
         <size>0xcd</size>
         <input_file_ref idref="fl-cb"/>
      </object_component>
      <object_component id="oc-9d">
         <name>.debug_info</name>
         <load_address>0x62bd</load_address>
         <run_address>0x62bd</run_address>
         <size>0x153</size>
         <input_file_ref idref="fl-cc"/>
      </object_component>
      <object_component id="oc-151">
         <name>.debug_info</name>
         <load_address>0x6410</load_address>
         <run_address>0x6410</run_address>
         <size>0x3ad</size>
         <input_file_ref idref="fl-ce"/>
      </object_component>
      <object_component id="oc-14b">
         <name>.debug_info</name>
         <load_address>0x67bd</load_address>
         <run_address>0x67bd</run_address>
         <size>0x190</size>
         <input_file_ref idref="fl-ce"/>
      </object_component>
      <object_component id="oc-eb">
         <name>.debug_info</name>
         <load_address>0x694d</load_address>
         <run_address>0x694d</run_address>
         <size>0x122</size>
         <input_file_ref idref="fl-ce"/>
      </object_component>
      <object_component id="oc-f1">
         <name>.debug_info</name>
         <load_address>0x6a6f</load_address>
         <run_address>0x6a6f</run_address>
         <size>0x184</size>
         <input_file_ref idref="fl-ce"/>
      </object_component>
      <object_component id="oc-1a9">
         <name>.debug_info</name>
         <load_address>0x6bf3</load_address>
         <run_address>0x6bf3</run_address>
         <size>0x2c9</size>
         <input_file_ref idref="fl-cf"/>
      </object_component>
      <object_component id="oc-14e">
         <name>.debug_info</name>
         <load_address>0x6ebc</load_address>
         <run_address>0x6ebc</run_address>
         <size>0x11e</size>
         <input_file_ref idref="fl-cf"/>
      </object_component>
      <object_component id="oc-1a3">
         <name>.debug_info</name>
         <load_address>0x6fda</load_address>
         <run_address>0x6fda</run_address>
         <size>0x12e</size>
         <input_file_ref idref="fl-cf"/>
      </object_component>
      <object_component id="oc-1d1">
         <name>.debug_info</name>
         <load_address>0x7108</load_address>
         <run_address>0x7108</run_address>
         <size>0x2a5</size>
         <input_file_ref idref="fl-d1"/>
      </object_component>
      <object_component id="oc-179">
         <name>.debug_info</name>
         <load_address>0x73ad</load_address>
         <run_address>0x73ad</run_address>
         <size>0x25d</size>
         <input_file_ref idref="fl-d1"/>
      </object_component>
      <object_component id="oc-72">
         <name>.debug_info</name>
         <load_address>0x760a</load_address>
         <run_address>0x760a</run_address>
         <size>0x3b2</size>
         <input_file_ref idref="fl-d2"/>
      </object_component>
      <object_component id="oc-28">
         <name>.debug_info</name>
         <load_address>0x79bc</load_address>
         <run_address>0x79bc</run_address>
         <size>0x10c</size>
         <input_file_ref idref="fl-d2"/>
      </object_component>
      <object_component id="oc-27a">
         <name>.debug_info</name>
         <load_address>0x7ac8</load_address>
         <run_address>0x7ac8</run_address>
         <size>0x13f</size>
         <input_file_ref idref="fl-d2"/>
      </object_component>
      <object_component id="oc-1fe">
         <name>.debug_info</name>
         <load_address>0x7c07</load_address>
         <run_address>0x7c07</run_address>
         <size>0x168</size>
         <input_file_ref idref="fl-d2"/>
      </object_component>
      <object_component id="oc-22d">
         <name>.debug_info</name>
         <load_address>0x7d6f</load_address>
         <run_address>0x7d6f</run_address>
         <size>0x18e</size>
         <input_file_ref idref="fl-d2"/>
      </object_component>
      <object_component id="oc-233">
         <name>.debug_info</name>
         <load_address>0x7efd</load_address>
         <run_address>0x7efd</run_address>
         <size>0x19f</size>
         <input_file_ref idref="fl-d2"/>
      </object_component>
      <object_component id="oc-1f8">
         <name>.debug_info</name>
         <load_address>0x809c</load_address>
         <run_address>0x809c</run_address>
         <size>0x203</size>
         <input_file_ref idref="fl-d2"/>
      </object_component>
      <object_component id="oc-27f">
         <name>.debug_info</name>
         <load_address>0x829f</load_address>
         <run_address>0x829f</run_address>
         <size>0x1db</size>
         <input_file_ref idref="fl-d2"/>
      </object_component>
      <object_component id="oc-23a">
         <name>.debug_info</name>
         <load_address>0x847a</load_address>
         <run_address>0x847a</run_address>
         <size>0x299</size>
         <input_file_ref idref="fl-d2"/>
      </object_component>
      <object_component id="oc-bb">
         <name>.debug_info</name>
         <load_address>0x8713</load_address>
         <run_address>0x8713</run_address>
         <size>0xb2</size>
         <input_file_ref idref="fl-d2"/>
      </object_component>
      <object_component id="oc-b6">
         <name>.debug_info</name>
         <load_address>0x87c5</load_address>
         <run_address>0x87c5</run_address>
         <size>0x2c</size>
         <input_file_ref idref="fl-d2"/>
      </object_component>
      <object_component id="oc-1cf">
         <name>.debug_info</name>
         <load_address>0x87f1</load_address>
         <run_address>0x87f1</run_address>
         <size>0x28f</size>
         <input_file_ref idref="fl-d3"/>
      </object_component>
      <object_component id="oc-173">
         <name>.debug_info</name>
         <load_address>0x8a80</load_address>
         <run_address>0x8a80</run_address>
         <size>0x245</size>
         <input_file_ref idref="fl-d3"/>
      </object_component>
      <object_component id="oc-1d7">
         <name>.debug_info</name>
         <load_address>0x8cc5</load_address>
         <run_address>0x8cc5</run_address>
         <size>0x397</size>
         <input_file_ref idref="fl-d4"/>
      </object_component>
      <object_component id="oc-184">
         <name>.debug_info</name>
         <load_address>0x905c</load_address>
         <run_address>0x905c</run_address>
         <size>0x18f</size>
         <input_file_ref idref="fl-d4"/>
      </object_component>
      <object_component id="oc-21e">
         <name>.debug_info</name>
         <load_address>0x91eb</load_address>
         <run_address>0x91eb</run_address>
         <size>0x120</size>
         <input_file_ref idref="fl-d4"/>
      </object_component>
      <object_component id="oc-223">
         <name>.debug_info</name>
         <load_address>0x930b</load_address>
         <run_address>0x930b</run_address>
         <size>0x2c</size>
         <input_file_ref idref="fl-d4"/>
      </object_component>
      <object_component id="oc-21b">
         <name>.debug_info</name>
         <load_address>0x9337</load_address>
         <run_address>0x9337</run_address>
         <size>0x337</size>
         <input_file_ref idref="fl-d5"/>
      </object_component>
      <object_component id="oc-217">
         <name>.debug_info</name>
         <load_address>0x966e</load_address>
         <run_address>0x966e</run_address>
         <size>0x109</size>
         <input_file_ref idref="fl-d5"/>
      </object_component>
      <object_component id="oc-1d4">
         <name>.debug_info</name>
         <load_address>0x9777</load_address>
         <run_address>0x9777</run_address>
         <size>0x109</size>
         <input_file_ref idref="fl-d5"/>
      </object_component>
      <object_component id="oc-206">
         <name>.debug_info</name>
         <load_address>0x9880</load_address>
         <run_address>0x9880</run_address>
         <size>0x176</size>
         <input_file_ref idref="fl-d6"/>
      </object_component>
      <object_component id="oc-1f6">
         <name>.debug_info</name>
         <load_address>0x99f6</load_address>
         <run_address>0x99f6</run_address>
         <size>0x324</size>
         <input_file_ref idref="fl-d7"/>
      </object_component>
      <object_component id="oc-1c1">
         <name>.debug_info</name>
         <load_address>0x9d1a</load_address>
         <run_address>0x9d1a</run_address>
         <size>0x1ec</size>
         <input_file_ref idref="fl-d7"/>
      </object_component>
      <object_component id="oc-2a5">
         <name>.debug_info</name>
         <load_address>0x9f06</load_address>
         <run_address>0x9f06</run_address>
         <size>0x373</size>
         <input_file_ref idref="fl-d8"/>
      </object_component>
      <object_component id="oc-251">
         <name>.debug_info</name>
         <load_address>0xa279</load_address>
         <run_address>0xa279</run_address>
         <size>0x1bc</size>
         <input_file_ref idref="fl-d8"/>
      </object_component>
      <object_component id="oc-2ab">
         <name>.debug_info</name>
         <load_address>0xa435</load_address>
         <run_address>0xa435</run_address>
         <size>0x378</size>
         <input_file_ref idref="fl-d9"/>
      </object_component>
      <object_component id="oc-263">
         <name>.debug_info</name>
         <load_address>0xa7ad</load_address>
         <run_address>0xa7ad</run_address>
         <size>0x210</size>
         <input_file_ref idref="fl-d9"/>
      </object_component>
      <object_component id="oc-2a1">
         <name>.debug_info</name>
         <load_address>0xa9bd</load_address>
         <run_address>0xa9bd</run_address>
         <size>0x3a3</size>
         <input_file_ref idref="fl-da"/>
      </object_component>
      <object_component id="oc-24c">
         <name>.debug_info</name>
         <load_address>0xad60</load_address>
         <run_address>0xad60</run_address>
         <size>0x20c</size>
         <input_file_ref idref="fl-da"/>
      </object_component>
      <object_component id="oc-2a7">
         <name>.debug_info</name>
         <load_address>0xaf6c</load_address>
         <run_address>0xaf6c</run_address>
         <size>0x377</size>
         <input_file_ref idref="fl-db"/>
      </object_component>
      <object_component id="oc-259">
         <name>.debug_info</name>
         <load_address>0xb2e3</load_address>
         <run_address>0xb2e3</run_address>
         <size>0x1fb</size>
         <input_file_ref idref="fl-db"/>
      </object_component>
      <object_component id="oc-2b5">
         <name>.debug_info</name>
         <load_address>0xb4de</load_address>
         <run_address>0xb4de</run_address>
         <size>0x3d5</size>
         <input_file_ref idref="fl-dc"/>
      </object_component>
      <object_component id="oc-26e">
         <name>.debug_info</name>
         <load_address>0xb8b3</load_address>
         <run_address>0xb8b3</run_address>
         <size>0x236</size>
         <input_file_ref idref="fl-dc"/>
      </object_component>
      <object_component id="oc-2ad">
         <name>.debug_info</name>
         <load_address>0xbae9</load_address>
         <run_address>0xbae9</run_address>
         <size>0x396</size>
         <input_file_ref idref="fl-dd"/>
      </object_component>
      <object_component id="oc-268">
         <name>.debug_info</name>
         <load_address>0xbe7f</load_address>
         <run_address>0xbe7f</run_address>
         <size>0x1c6</size>
         <input_file_ref idref="fl-dd"/>
      </object_component>
      <object_component id="oc-2a9">
         <name>.debug_info</name>
         <load_address>0xc045</load_address>
         <run_address>0xc045</run_address>
         <size>0x378</size>
         <input_file_ref idref="fl-de"/>
      </object_component>
      <object_component id="oc-25d">
         <name>.debug_info</name>
         <load_address>0xc3bd</load_address>
         <run_address>0xc3bd</run_address>
         <size>0x200</size>
         <input_file_ref idref="fl-de"/>
      </object_component>
      <object_component id="oc-2c9">
         <name>.debug_info</name>
         <load_address>0xc5bd</load_address>
         <run_address>0xc5bd</run_address>
         <size>0x2bb</size>
         <input_file_ref idref="fl-df"/>
      </object_component>
      <object_component id="oc-2c6">
         <name>.debug_info</name>
         <load_address>0xc878</load_address>
         <run_address>0xc878</run_address>
         <size>0x108</size>
         <input_file_ref idref="fl-df"/>
      </object_component>
      <object_component id="oc-296">
         <name>.debug_info</name>
         <load_address>0xc980</load_address>
         <run_address>0xc980</run_address>
         <size>0x1df</size>
         <input_file_ref idref="fl-df"/>
      </object_component>
      <object_component id="oc-29c">
         <name>.debug_info</name>
         <load_address>0xcb5f</load_address>
         <run_address>0xcb5f</run_address>
         <size>0x19a</size>
         <input_file_ref idref="fl-df"/>
      </object_component>
      <object_component id="oc-229">
         <name>.debug_info</name>
         <load_address>0xccf9</load_address>
         <run_address>0xccf9</run_address>
         <size>0x397</size>
         <input_file_ref idref="fl-e1"/>
      </object_component>
      <object_component id="oc-1f2">
         <name>.debug_info</name>
         <load_address>0xd090</load_address>
         <run_address>0xd090</run_address>
         <size>0x195</size>
         <input_file_ref idref="fl-e1"/>
      </object_component>
      <object_component id="oc-293">
         <name>.debug_info</name>
         <load_address>0xd225</load_address>
         <run_address>0xd225</run_address>
         <size>0x3a5</size>
         <input_file_ref idref="fl-e2"/>
      </object_component>
      <object_component id="oc-241">
         <name>.debug_info</name>
         <load_address>0xd5ca</load_address>
         <run_address>0xd5ca</run_address>
         <size>0x1f3</size>
         <input_file_ref idref="fl-e2"/>
      </object_component>
      <object_component id="oc-2f0">
         <name>.debug_info</name>
         <load_address>0xd7bd</load_address>
         <run_address>0xd7bd</run_address>
         <size>0x42c</size>
         <input_file_ref idref="fl-e3"/>
      </object_component>
      <object_component id="oc-2ea">
         <name>.debug_info</name>
         <load_address>0xdbe9</load_address>
         <run_address>0xdbe9</run_address>
         <size>0x192</size>
         <input_file_ref idref="fl-e3"/>
      </object_component>
      <object_component id="oc-2bd">
         <name>.debug_info</name>
         <load_address>0xdd7b</load_address>
         <run_address>0xdd7b</run_address>
         <size>0x1eb</size>
         <input_file_ref idref="fl-e3"/>
      </object_component>
      <object_component id="oc-2f3">
         <name>.debug_info</name>
         <load_address>0xdf66</load_address>
         <run_address>0xdf66</run_address>
         <size>0xea</size>
         <input_file_ref idref="fl-e3"/>
      </object_component>
      <object_component id="oc-30b">
         <name>.debug_info</name>
         <load_address>0xe050</load_address>
         <run_address>0xe050</run_address>
         <size>0x2c</size>
         <input_file_ref idref="fl-e3"/>
      </object_component>
      <object_component id="oc-2ff">
         <name>.debug_info</name>
         <load_address>0xe07c</load_address>
         <run_address>0xe07c</run_address>
         <size>0x29a</size>
         <input_file_ref idref="fl-e4"/>
      </object_component>
      <object_component id="oc-2de">
         <name>.debug_info</name>
         <load_address>0xe316</load_address>
         <run_address>0xe316</run_address>
         <size>0x262</size>
         <input_file_ref idref="fl-e4"/>
      </object_component>
      <object_component id="oc-315">
         <name>.debug_info</name>
         <load_address>0xe578</load_address>
         <run_address>0xe578</run_address>
         <size>0x28a</size>
         <input_file_ref idref="fl-e5"/>
      </object_component>
      <object_component id="oc-303">
         <name>.debug_info</name>
         <load_address>0xe802</load_address>
         <run_address>0xe802</run_address>
         <size>0x273</size>
         <input_file_ref idref="fl-e5"/>
      </object_component>
      <object_component id="oc-2d8">
         <name>.debug_info</name>
         <load_address>0xea75</load_address>
         <run_address>0xea75</run_address>
         <size>0x2a4</size>
         <input_file_ref idref="fl-e6"/>
      </object_component>
      <object_component id="oc-2b2">
         <name>.debug_info</name>
         <load_address>0xed19</load_address>
         <run_address>0xed19</run_address>
         <size>0x24d</size>
         <input_file_ref idref="fl-e6"/>
      </object_component>
      <object_component id="oc-301">
         <name>.debug_info</name>
         <load_address>0xef66</load_address>
         <run_address>0xef66</run_address>
         <size>0x2af</size>
         <input_file_ref idref="fl-e7"/>
      </object_component>
      <object_component id="oc-2e4">
         <name>.debug_info</name>
         <load_address>0xf215</load_address>
         <run_address>0xf215</run_address>
         <size>0x277</size>
         <input_file_ref idref="fl-e7"/>
      </object_component>
      <object_component id="oc-2ba">
         <name>.debug_info</name>
         <load_address>0xf48c</load_address>
         <run_address>0xf48c</run_address>
         <size>0x3cf</size>
         <input_file_ref idref="fl-e9"/>
      </object_component>
      <object_component id="oc-288">
         <name>.debug_info</name>
         <load_address>0xf85b</load_address>
         <run_address>0xf85b</run_address>
         <size>0x195</size>
         <input_file_ref idref="fl-e9"/>
      </object_component>
      <object_component id="oc-2c2">
         <name>.debug_info</name>
         <load_address>0xf9f0</load_address>
         <run_address>0xf9f0</run_address>
         <size>0x3d1</size>
         <input_file_ref idref="fl-ea"/>
      </object_component>
      <object_component id="oc-28e">
         <name>.debug_info</name>
         <load_address>0xfdc1</load_address>
         <run_address>0xfdc1</run_address>
         <size>0x1a5</size>
         <input_file_ref idref="fl-ea"/>
      </object_component>
      <object_component id="oc-348">
         <name>.debug_info</name>
         <load_address>0xff66</load_address>
         <run_address>0xff66</run_address>
         <size>0xf1</size>
      </object_component>
      <object_component id="oc-a7">
         <name>.debug_line</name>
         <load_address>0x0</load_address>
         <run_address>0x0</run_address>
         <size>0xac</size>
         <input_file_ref idref="fl-2"/>
      </object_component>
      <object_component id="oc-12b">
         <name>.debug_line</name>
         <load_address>0xac</load_address>
         <run_address>0xac</run_address>
         <size>0x37</size>
         <input_file_ref idref="fl-2"/>
      </object_component>
      <object_component id="oc-3c">
         <name>.debug_line</name>
         <load_address>0xe3</load_address>
         <run_address>0xe3</run_address>
         <size>0x20</size>
         <input_file_ref idref="fl-2"/>
      </object_component>
      <object_component id="oc-130">
         <name>.debug_line</name>
         <load_address>0x103</load_address>
         <run_address>0x103</run_address>
         <size>0x45</size>
         <input_file_ref idref="fl-2"/>
      </object_component>
      <object_component id="oc-76">
         <name>.debug_line</name>
         <load_address>0x148</load_address>
         <run_address>0x148</run_address>
         <size>0x41</size>
         <input_file_ref idref="fl-3"/>
      </object_component>
      <object_component id="oc-31">
         <name>.debug_line</name>
         <load_address>0x189</load_address>
         <run_address>0x189</run_address>
         <size>0x41</size>
         <input_file_ref idref="fl-3"/>
      </object_component>
      <object_component id="oc-2e">
         <name>.debug_line</name>
         <load_address>0x1ca</load_address>
         <run_address>0x1ca</run_address>
         <size>0xa1</size>
         <input_file_ref idref="fl-3"/>
      </object_component>
      <object_component id="oc-7a">
         <name>.debug_line</name>
         <load_address>0x26b</load_address>
         <run_address>0x26b</run_address>
         <size>0x6f</size>
         <input_file_ref idref="fl-3"/>
      </object_component>
      <object_component id="oc-c3">
         <name>.debug_line</name>
         <load_address>0x2da</load_address>
         <run_address>0x2da</run_address>
         <size>0x73</size>
         <input_file_ref idref="fl-3"/>
      </object_component>
      <object_component id="oc-7f">
         <name>.debug_line</name>
         <load_address>0x34d</load_address>
         <run_address>0x34d</run_address>
         <size>0x70</size>
         <input_file_ref idref="fl-3"/>
      </object_component>
      <object_component id="oc-16a">
         <name>.debug_line</name>
         <load_address>0x3bd</load_address>
         <run_address>0x3bd</run_address>
         <size>0x20</size>
         <input_file_ref idref="fl-4"/>
      </object_component>
      <object_component id="oc-d6">
         <name>.debug_line</name>
         <load_address>0x3dd</load_address>
         <run_address>0x3dd</run_address>
         <size>0x11d</size>
         <input_file_ref idref="fl-4"/>
      </object_component>
      <object_component id="oc-19e">
         <name>.debug_line</name>
         <load_address>0x4fa</load_address>
         <run_address>0x4fa</run_address>
         <size>0x20</size>
         <input_file_ref idref="fl-5"/>
      </object_component>
      <object_component id="oc-19c">
         <name>.debug_line</name>
         <load_address>0x51a</load_address>
         <run_address>0x51a</run_address>
         <size>0x3d</size>
         <input_file_ref idref="fl-5"/>
      </object_component>
      <object_component id="oc-e3">
         <name>.debug_line</name>
         <load_address>0x557</load_address>
         <run_address>0x557</run_address>
         <size>0x104</size>
         <input_file_ref idref="fl-5"/>
      </object_component>
      <object_component id="oc-d2">
         <name>.debug_line</name>
         <load_address>0x65b</load_address>
         <run_address>0x65b</run_address>
         <size>0x92</size>
         <input_file_ref idref="fl-bf"/>
      </object_component>
      <object_component id="oc-4b">
         <name>.debug_line</name>
         <load_address>0x6ed</load_address>
         <run_address>0x6ed</run_address>
         <size>0x4c</size>
         <input_file_ref idref="fl-bf"/>
      </object_component>
      <object_component id="oc-93">
         <name>.debug_line</name>
         <load_address>0x739</load_address>
         <run_address>0x739</run_address>
         <size>0x34</size>
         <input_file_ref idref="fl-bf"/>
      </object_component>
      <object_component id="oc-cf">
         <name>.debug_line</name>
         <load_address>0x76d</load_address>
         <run_address>0x76d</run_address>
         <size>0x92</size>
         <input_file_ref idref="fl-bf"/>
      </object_component>
      <object_component id="oc-8e">
         <name>.debug_line</name>
         <load_address>0x7ff</load_address>
         <run_address>0x7ff</run_address>
         <size>0x20</size>
         <input_file_ref idref="fl-c0"/>
      </object_component>
      <object_component id="oc-1f">
         <name>.debug_line</name>
         <load_address>0x81f</load_address>
         <run_address>0x81f</run_address>
         <size>0x55</size>
         <input_file_ref idref="fl-c0"/>
      </object_component>
      <object_component id="oc-47">
         <name>.debug_line</name>
         <load_address>0x874</load_address>
         <run_address>0x874</run_address>
         <size>0x3a</size>
         <input_file_ref idref="fl-c0"/>
      </object_component>
      <object_component id="oc-8b">
         <name>.debug_line</name>
         <load_address>0x8ae</load_address>
         <run_address>0x8ae</run_address>
         <size>0x92</size>
         <input_file_ref idref="fl-c0"/>
      </object_component>
      <object_component id="oc-cb">
         <name>.debug_line</name>
         <load_address>0x940</load_address>
         <run_address>0x940</run_address>
         <size>0x20</size>
         <input_file_ref idref="fl-c1"/>
      </object_component>
      <object_component id="oc-19">
         <name>.debug_line</name>
         <load_address>0x960</load_address>
         <run_address>0x960</run_address>
         <size>0xa9</size>
         <input_file_ref idref="fl-c1"/>
      </object_component>
      <object_component id="oc-37">
         <name>.debug_line</name>
         <load_address>0xa09</load_address>
         <run_address>0xa09</run_address>
         <size>0x3a</size>
         <input_file_ref idref="fl-c1"/>
      </object_component>
      <object_component id="oc-c8">
         <name>.debug_line</name>
         <load_address>0xa43</load_address>
         <run_address>0xa43</run_address>
         <size>0x9a</size>
         <input_file_ref idref="fl-c1"/>
      </object_component>
      <object_component id="oc-84">
         <name>.debug_line</name>
         <load_address>0xadd</load_address>
         <run_address>0xadd</run_address>
         <size>0x96</size>
         <input_file_ref idref="fl-c1"/>
      </object_component>
      <object_component id="oc-195">
         <name>.debug_line</name>
         <load_address>0xb73</load_address>
         <run_address>0xb73</run_address>
         <size>0x103</size>
         <input_file_ref idref="fl-c2"/>
      </object_component>
      <object_component id="oc-e0">
         <name>.debug_line</name>
         <load_address>0xc76</load_address>
         <run_address>0xc76</run_address>
         <size>0x42</size>
         <input_file_ref idref="fl-c2"/>
      </object_component>
      <object_component id="oc-199">
         <name>.debug_line</name>
         <load_address>0xcb8</load_address>
         <run_address>0xcb8</run_address>
         <size>0x91</size>
         <input_file_ref idref="fl-c2"/>
      </object_component>
      <object_component id="oc-1df">
         <name>.debug_line</name>
         <load_address>0xd49</load_address>
         <run_address>0xd49</run_address>
         <size>0x2a</size>
         <input_file_ref idref="fl-c3"/>
      </object_component>
      <object_component id="oc-191">
         <name>.debug_line</name>
         <load_address>0xd73</load_address>
         <run_address>0xd73</run_address>
         <size>0x2a</size>
         <input_file_ref idref="fl-c3"/>
      </object_component>
      <object_component id="oc-1db">
         <name>.debug_line</name>
         <load_address>0xd9d</load_address>
         <run_address>0xd9d</run_address>
         <size>0x2a</size>
         <input_file_ref idref="fl-c3"/>
      </object_component>
      <object_component id="oc-6f">
         <name>.debug_line</name>
         <load_address>0xdc7</load_address>
         <run_address>0xdc7</run_address>
         <size>0x33</size>
         <input_file_ref idref="fl-c4"/>
      </object_component>
      <object_component id="oc-5d">
         <name>.debug_line</name>
         <load_address>0xdfa</load_address>
         <run_address>0xdfa</run_address>
         <size>0x45</size>
         <input_file_ref idref="fl-c4"/>
      </object_component>
      <object_component id="oc-1dd">
         <name>.debug_line</name>
         <load_address>0xe3f</load_address>
         <run_address>0xe3f</run_address>
         <size>0x118</size>
         <input_file_ref idref="fl-c5"/>
      </object_component>
      <object_component id="oc-181">
         <name>.debug_line</name>
         <load_address>0xf57</load_address>
         <run_address>0xf57</run_address>
         <size>0x5c</size>
         <input_file_ref idref="fl-c5"/>
      </object_component>
      <object_component id="oc-13b">
         <name>.debug_line</name>
         <load_address>0xfb3</load_address>
         <run_address>0xfb3</run_address>
         <size>0x7d</size>
         <input_file_ref idref="fl-c5"/>
      </object_component>
      <object_component id="oc-1d9">
         <name>.debug_line</name>
         <load_address>0x1030</load_address>
         <run_address>0x1030</run_address>
         <size>0x189</size>
         <input_file_ref idref="fl-c6"/>
      </object_component>
      <object_component id="oc-138">
         <name>.debug_line</name>
         <load_address>0x11b9</load_address>
         <run_address>0x11b9</run_address>
         <size>0xe0</size>
         <input_file_ref idref="fl-c6"/>
      </object_component>
      <object_component id="oc-211">
         <name>.debug_line</name>
         <load_address>0x1299</load_address>
         <run_address>0x1299</run_address>
         <size>0x91</size>
         <input_file_ref idref="fl-c7"/>
      </object_component>
      <object_component id="oc-16d">
         <name>.debug_line</name>
         <load_address>0x132a</load_address>
         <run_address>0x132a</run_address>
         <size>0x6e</size>
         <input_file_ref idref="fl-c7"/>
      </object_component>
      <object_component id="oc-20e">
         <name>.debug_line</name>
         <load_address>0x1398</load_address>
         <run_address>0x1398</run_address>
         <size>0x91</size>
         <input_file_ref idref="fl-c7"/>
      </object_component>
      <object_component id="oc-248">
         <name>.debug_line</name>
         <load_address>0x1429</load_address>
         <run_address>0x1429</run_address>
         <size>0x110</size>
         <input_file_ref idref="fl-c8"/>
      </object_component>
      <object_component id="oc-1c7">
         <name>.debug_line</name>
         <load_address>0x1539</load_address>
         <run_address>0x1539</run_address>
         <size>0xa1</size>
         <input_file_ref idref="fl-c8"/>
      </object_component>
      <object_component id="oc-3f">
         <name>.debug_line</name>
         <load_address>0x15da</load_address>
         <run_address>0x15da</run_address>
         <size>0x88</size>
         <input_file_ref idref="fl-c9"/>
      </object_component>
      <object_component id="oc-1ae">
         <name>.debug_line</name>
         <load_address>0x1662</load_address>
         <run_address>0x1662</run_address>
         <size>0xbf</size>
         <input_file_ref idref="fl-cb"/>
      </object_component>
      <object_component id="oc-fa">
         <name>.debug_line</name>
         <load_address>0x1721</load_address>
         <run_address>0x1721</run_address>
         <size>0x6f</size>
         <input_file_ref idref="fl-cb"/>
      </object_component>
      <object_component id="oc-1b2">
         <name>.debug_line</name>
         <load_address>0x1790</load_address>
         <run_address>0x1790</run_address>
         <size>0x2e</size>
         <input_file_ref idref="fl-cb"/>
      </object_component>
      <object_component id="oc-1e6">
         <name>.debug_line</name>
         <load_address>0x17be</load_address>
         <run_address>0x17be</run_address>
         <size>0x9a</size>
         <input_file_ref idref="fl-cb"/>
      </object_component>
      <object_component id="oc-1b7">
         <name>.debug_line</name>
         <load_address>0x1858</load_address>
         <run_address>0x1858</run_address>
         <size>0x97</size>
         <input_file_ref idref="fl-cb"/>
      </object_component>
      <object_component id="oc-1bc">
         <name>.debug_line</name>
         <load_address>0x18ef</load_address>
         <run_address>0x18ef</run_address>
         <size>0x93</size>
         <input_file_ref idref="fl-cb"/>
      </object_component>
      <object_component id="oc-a1">
         <name>.debug_line</name>
         <load_address>0x1982</load_address>
         <run_address>0x1982</run_address>
         <size>0x40</size>
         <input_file_ref idref="fl-cc"/>
      </object_component>
      <object_component id="oc-1ac">
         <name>.debug_line</name>
         <load_address>0x19c2</load_address>
         <run_address>0x19c2</run_address>
         <size>0x102</size>
         <input_file_ref idref="fl-ce"/>
      </object_component>
      <object_component id="oc-1a0">
         <name>.debug_line</name>
         <load_address>0x1ac4</load_address>
         <run_address>0x1ac4</run_address>
         <size>0x2a</size>
         <input_file_ref idref="fl-ce"/>
      </object_component>
      <object_component id="oc-ed">
         <name>.debug_line</name>
         <load_address>0x1aee</load_address>
         <run_address>0x1aee</run_address>
         <size>0x3c</size>
         <input_file_ref idref="fl-ce"/>
      </object_component>
      <object_component id="oc-f4">
         <name>.debug_line</name>
         <load_address>0x1b2a</load_address>
         <run_address>0x1b2a</run_address>
         <size>0x58</size>
         <input_file_ref idref="fl-ce"/>
      </object_component>
      <object_component id="oc-1e2">
         <name>.debug_line</name>
         <load_address>0x1b82</load_address>
         <run_address>0x1b82</run_address>
         <size>0x20</size>
         <input_file_ref idref="fl-cf"/>
      </object_component>
      <object_component id="oc-1a8">
         <name>.debug_line</name>
         <load_address>0x1ba2</load_address>
         <run_address>0x1ba2</run_address>
         <size>0x2b</size>
         <input_file_ref idref="fl-cf"/>
      </object_component>
      <object_component id="oc-1a2">
         <name>.debug_line</name>
         <load_address>0x1bcd</load_address>
         <run_address>0x1bcd</run_address>
         <size>0x3a</size>
         <input_file_ref idref="fl-cf"/>
      </object_component>
      <object_component id="oc-215">
         <name>.debug_line</name>
         <load_address>0x1c07</load_address>
         <run_address>0x1c07</run_address>
         <size>0x20</size>
         <input_file_ref idref="fl-d1"/>
      </object_component>
      <object_component id="oc-178">
         <name>.debug_line</name>
         <load_address>0x1c27</load_address>
         <run_address>0x1c27</run_address>
         <size>0xb6</size>
         <input_file_ref idref="fl-d1"/>
      </object_component>
      <object_component id="oc-b5">
         <name>.debug_line</name>
         <load_address>0x1cdd</load_address>
         <run_address>0x1cdd</run_address>
         <size>0x10f</size>
         <input_file_ref idref="fl-d2"/>
      </object_component>
      <object_component id="oc-71">
         <name>.debug_line</name>
         <load_address>0x1dec</load_address>
         <run_address>0x1dec</run_address>
         <size>0x2c</size>
         <input_file_ref idref="fl-d2"/>
      </object_component>
      <object_component id="oc-2b7">
         <name>.debug_line</name>
         <load_address>0x1e18</load_address>
         <run_address>0x1e18</run_address>
         <size>0x2c</size>
         <input_file_ref idref="fl-d2"/>
      </object_component>
      <object_component id="oc-201">
         <name>.debug_line</name>
         <load_address>0x1e44</load_address>
         <run_address>0x1e44</run_address>
         <size>0x41</size>
         <input_file_ref idref="fl-d2"/>
      </object_component>
      <object_component id="oc-230">
         <name>.debug_line</name>
         <load_address>0x1e85</load_address>
         <run_address>0x1e85</run_address>
         <size>0x50</size>
         <input_file_ref idref="fl-d2"/>
      </object_component>
      <object_component id="oc-236">
         <name>.debug_line</name>
         <load_address>0x1ed5</load_address>
         <run_address>0x1ed5</run_address>
         <size>0x55</size>
         <input_file_ref idref="fl-d2"/>
      </object_component>
      <object_component id="oc-1fb">
         <name>.debug_line</name>
         <load_address>0x1f2a</load_address>
         <run_address>0x1f2a</run_address>
         <size>0xd0</size>
         <input_file_ref idref="fl-d2"/>
      </object_component>
      <object_component id="oc-283">
         <name>.debug_line</name>
         <load_address>0x1ffa</load_address>
[...]
         </contents>
      </load_segment>
      <load_segment id="lg-34e" display="no" color="cyan">
         <name>SEGMENT_1</name>
         <run_address>0x20000000</run_address>
         <size>0x5c0</size>
         <flags>0x6</flags>
         <contents>
            <logical_group_ref idref="lg-d"/>
            <logical_group_ref idref="lg-a"/>
            <logical_group_ref idref="lg-b"/>
            <logical_group_ref idref="lg-c"/>
         </contents>
      </load_segment>
   </logical_group_list>
   <placement_map>
      <memory_area display="yes" color="green">
         <name>FLASH</name>
         <page_id>0x0</page_id>
         <origin>0x0</origin>
         <length>0x40000</length>
         <used_space>0x1ba6</used_space>
         <unused_space>0x3e45a</unused_space>
         <attributes>RX</attributes>
         <usage_details>
            <allocated_space>
               <start_address>0x0</start_address>
               <size>0x26c</size>
               <logical_group_ref idref="lg-3"/>
            </allocated_space>
            <allocated_space>
               <start_address>0x26c</start_address>
               <size>0x1764</size>
               <logical_group_ref idref="lg-4"/>
            </allocated_space>
            <allocated_space>
               <start_address>0x19d0</start_address>
               <size>0x146</size>
               <logical_group_ref idref="lg-5"/>
            </allocated_space>
            <available_space>
               <start_address>0x1b16</start_address>
               <size>0x2</size>
            </available_space>
            <allocated_space>
               <start_address>0x1b18</start_address>
               <size>0x90</size>
               <logical_group_ref idref="lg-6"/>
            </allocated_space>
            <available_space>
               <start_address>0x1ba8</start_address>
               <size>0x3e458</size>
            </available_space>
         </usage_details>
      </memory_area>
      <memory_area display="yes" color="green">
         <name>SRAM</name>
         <page_id>0x0</page_id>
         <origin>0x20000000</origin>
         <length>0x8000</length>
         <used_space>0x5c0</used_space>
         <unused_space>0x7a40</unused_space>
         <attributes>RWX</attributes>
         <usage_details>
            <allocated_space>
               <start_address>0x20000000</start_address>
               <size>0x0</size>
               <logical_group_ref idref="lg-31a"/>
            </allocated_space>
            <allocated_space>
               <start_address>0x20000000</start_address>
               <size>0x200</size>
               <logical_group_ref idref="lg-d"/>
            </allocated_space>
            <allocated_space>
               <start_address>0x20000200</start_address>
               <size>0x1e8</size>
               <logical_group_ref idref="lg-a"/>
            </allocated_space>
            <allocated_space>
               <start_address>0x200003e8</start_address>
               <size>0x1c8</size>
               <logical_group_ref idref="lg-b"/>
            </allocated_space>
            <allocated_space>
               <start_address>0x200005b0</start_address>
               <size>0x10</size>
               <logical_group_ref idref="lg-c"/>
            </allocated_space>
            <available_space>
               <start_address>0x200005c0</start_address>
               <size>0x7a40</size>
            </available_space>
         </usage_details>
      </memory_area>
   </placement_map>
   <cptbl_list>
      <cptbl>
         <name>__TI_cinit_table</name>
         <cprec>
            <name>.data</name>
            <load_address>0x1b18</load_address>
            <load_size>0x66</load_size>
            <run_address>0x20000200</run_address>
            <run_size>0x1e8</run_size>
            <compression>lzss</compression>
         </cprec>
         <cprec>
            <name>.bss</name>
            <load_address>0x1b90</load_address>
            <load_size>0x8</load_size>
            <run_address>0x200003e8</run_address>
            <run_size>0x1c8</run_size>
            <compression>zero_init</compression>
         </cprec>
      </cptbl>
   </cptbl_list>
   <handler_table>
      <handler_table_name>__TI_handler_table</handler_table_name>
      <handler>
         <index>0x0</index>
         <name>__TI_decompress_lzss</name>
      </handler>
      <handler>
         <index>0x1</index>
         <name>__TI_decompress_none</name>
      </handler>
      <handler>
         <index>0x2</index>
         <name>__TI_zero_init</name>
      </handler>
   </handler_table>
   <symbol_table>
      <symbol id="sm-1">
         <name>__STACK_TOP</name>
         <value>0x20000200</value>
      </symbol>
      <symbol id="sm-2">
         <name>__start___llvm_prf_cnts</name>
         <value>0x20000000</value>
      </symbol>
      <symbol id="sm-3">
         <name>__stop___llvm_prf_cnts</name>
         <value>0x20000000</value>
      </symbol>
      <symbol id="sm-4">
         <name>__TI_CINIT_Base</name>
         <value>0x1b98</value>
      </symbol>
      <symbol id="sm-5">
         <name>__TI_CINIT_Limit</name>
         <value>0x1ba8</value>
      </symbol>
      <symbol id="sm-6">
         <name>__TI_Handler_Table_Base</name>
         <value>0x1b80</value>
      </symbol>
      <symbol id="sm-7">
         <name>__TI_Handler_Table_Limit</name>
         <value>0x1b8c</value>
      </symbol>
      <symbol id="sm-8">
         <name>binit</name>
         <value>0xffffffff</value>
      </symbol>
      <symbol id="sm-9">
         <name>__binit__</name>
         <value>0xffffffff</value>
      </symbol>
      <symbol id="sm-a">
         <name>__STACK_SIZE</name>
         <value>0x200</value>
      </symbol>
      <symbol id="sm-b">
         <name>__STACK_END</name>
         <value>0x20000200</value>
      </symbol>
      <symbol id="sm-c">
         <name>__SYSMEM_SIZE</name>
         <value>0x10</value>
      </symbol>
      <symbol id="sm-d">
         <name>__c_args__</name>
         <value>0xffffffff</value>
      </symbol>
      <symbol id="sm-e">
         <name>__TI_pprof_out_hndl</name>
         <value>0xffffffff</value>
      </symbol>
      <symbol id="sm-f">
         <name>__TI_prof_data_start</name>
         <value>0xffffffff</value>
      </symbol>
      <symbol id="sm-10">
         <name>__TI_prof_data_size</name>
         <value>0xffffffff</value>
      </symbol>
      <symbol id="sm-89">
         <name>Test_Exceptions_Settings</name>
         <value>0x2c5</value>
         <object_component_ref idref="oc-a2"/>
      </symbol>
      <symbol id="sm-8a">
         <name>Leds_Init</name>
         <value>0x26d</value>
         <object_component_ref idref="oc-a2"/>
      </symbol>
      <symbol id="sm-8b">
         <name>main</name>
         <value>0x891</value>
         <object_component_ref idref="oc-a2"/>
      </symbol>
      <symbol id="sm-b6">
         <name>ResetISR</name>
         <value>0x19b5</value>
         <object_component_ref idref="oc-2a"/>
      </symbol>
      <symbol id="sm-b7">
         <name>g_pfnVectors</name>
         <value>0x0</value>
         <object_component_ref idref="oc-12"/>
      </symbol>
      <symbol id="sm-e4">
         <name>NVIC_DisableException</name>
         <value>0xa2d</value>
         <object_component_ref idref="oc-d5"/>
      </symbol>
      <symbol id="sm-e5">
         <name>NVIC_SetPriorityIRQ</name>
         <value>0x999</value>
         <object_component_ref idref="oc-d5"/>
      </symbol>
      <symbol id="sm-e6">
         <name>NVIC_EnableException</name>
         <value>0x9ef</value>
         <object_component_ref idref="oc-d5"/>
      </symbol>
      <symbol id="sm-e7">
         <name>NVIC_SetPriorityException</name>
         <value>0xa71</value>
         <object_component_ref idref="oc-d5"/>
      </symbol>
      <symbol id="sm-e8">
         <name>NVIC_DisableIRQ</name>
         <value>0x951</value>
         <object_component_ref idref="oc-d5"/>
      </symbol>
      <symbol id="sm-e9">
         <name>NVIC_EnableIRQ</name>
         <value>0x909</value>
         <object_component_ref idref="oc-d5"/>
      </symbol>
      <symbol id="sm-10a">
         <name>SysTick_Handler</name>
         <value>0xfcd</value>
         <object_component_ref idref="oc-e2"/>
      </symbol>
      <symbol id="sm-10b">
         <name>SysTick_Stop</name>
         <value>0xfa9</value>
         <object_component_ref idref="oc-e2"/>
      </symbol>
      <symbol id="sm-10c">
         <name>SysTick_DeInit</name>
         <value>0xf59</value>
         <object_component_ref idref="oc-e2"/>
      </symbol>
      <symbol id="sm-10d">
         <name>SysTick_StartBusyWait</name>
         <value>0xf6d</value>
         <object_component_ref idref="oc-e2"/>
      </symbol>
      <symbol id="sm-10e">
         <name>SysTick_Start</name>
         <value>0xfb5</value>
         <object_component_ref idref="oc-e2"/>
      </symbol>
      <symbol id="sm-10f">
         <name>SysTick_SetCallBack</name>
         <value>0xfbd</value>
         <object_component_ref idref="oc-e2"/>
      </symbol>
      <symbol id="sm-110">
         <name>SysTick_Init</name>
         <value>0xf31</value>
         <object_component_ref idref="oc-e2"/>
      </symbol>
      <symbol id="sm-129">
         <name>__TI_zero_init_nomemset</name>
         <value>0x1919</value>
         <object_component_ref idref="oc-4a"/>
      </symbol>
      <symbol id="sm-140">
         <name>__TI_decompress_none</name>
         <value>0x19a7</value>
         <object_component_ref idref="oc-1b"/>
      </symbol>
      <symbol id="sm-163">
         <name>__TI_decompress_lzss</name>
         <value>0x12bd</value>
         <object_component_ref idref="oc-15"/>
      </symbol>
      <symbol id="sm-177">
         <name>_abort_msg</name>
         <value>0x18fd</value>
         <object_component_ref idref="oc-db"/>
      </symbol>
      <symbol id="sm-18c">
         <name>__TI_tmpnams</name>
         <value>0x20000508</value>
      </symbol>
      <symbol id="sm-18d">
         <name>__aeabi_stdout</name>
         <value>0x200003c0</value>
         <object_component_ref idref="oc-18b"/>
      </symbol>
      <symbol id="sm-18e">
         <name>__aeabi_stderr</name>
         <value>0x200003c4</value>
         <object_component_ref idref="oc-18b"/>
      </symbol>
      <symbol id="sm-18f">
         <name>__aeabi_stdin</name>
         <value>0x200003bc</value>
         <object_component_ref idref="oc-18b"/>
      </symbol>
      <symbol id="sm-190">
         <name>_ftable</name>
         <value>0x20000200</value>
         <object_component_ref idref="oc-13f"/>
      </symbol>
      <symbol id="sm-191">
         <name>__TI_ft_end</name>
         <value>0x200003b8</value>
         <object_component_ref idref="oc-18b"/>
      </symbol>
      <symbol id="sm-1a4">
         <name>__stack</name>
         <value>0x20000000</value>
         <object_component_ref idref="oc-24"/>
      </symbol>
      <symbol id="sm-1a5">
         <name>_c_int00_noargs</name>
         <value>0x17d5</value>
         <object_component_ref idref="oc-5c"/>
      </symbol>
      <symbol id="sm-1c6">
         <name>__TI_doflush</name>
         <value>0x1559</value>
         <object_component_ref idref="oc-17d"/>
      </symbol>
      <symbol id="sm-1c7">
         <name>fflush</name>
         <value>0x1089</value>
         <object_component_ref idref="oc-139"/>
      </symbol>
      <symbol id="sm-1e5">
         <name>fputs</name>
         <value>0xb5d</value>
         <object_component_ref idref="oc-133"/>
      </symbol>
      <symbol id="sm-1fd">
         <name>__TI_wrt_ok</name>
         <value>0x1389</value>
         <object_component_ref idref="oc-16b"/>
      </symbol>
      <symbol id="sm-219">
         <name>setvbuf</name>
         <value>0xe55</value>
         <object_component_ref idref="oc-1c6"/>
      </symbol>
      <symbol id="sm-234">
         <name>memcpy</name>
         <value>0xfed</value>
         <object_component_ref idref="oc-3e"/>
      </symbol>
      <symbol id="sm-235">
         <name>__aeabi_memcpy</name>
         <value>0xfed</value>
         <object_component_ref idref="oc-3e"/>
      </symbol>
      <symbol id="sm-236">
         <name>__aeabi_memcpy8</name>
         <value>0xfed</value>
         <object_component_ref idref="oc-3e"/>
      </symbol>
      <symbol id="sm-237">
         <name>__aeabi_memcpy4</name>
         <value>0xfed</value>
         <object_component_ref idref="oc-3e"/>
      </symbol>
      <symbol id="sm-260">
         <name>__TI_auto_init_nobinit_nopinit</name>
         <value>0x1675</value>
         <object_component_ref idref="oc-f5"/>
      </symbol>
      <symbol id="sm-26a">
         <name>_system_pre_init</name>
         <value>0x19c9</value>
         <object_component_ref idref="oc-9c"/>
      </symbol>
      <symbol id="sm-291">
         <name>C$$EXIT</name>
         <value>0x19cd</value>
         <object_component_ref idref="oc-e9"/>
      </symbol>
      <symbol id="sm-292">
         <name>abort</name>
         <value>0x19cd</value>
         <object_component_ref idref="oc-e9"/>
      </symbol>
      <symbol id="sm-293">
         <name>__TI_dtors_ptr</name>
         <value>0x200003cc</value>
         <object_component_ref idref="oc-14a"/>
      </symbol>
      <symbol id="sm-294">
         <name>__TI_cleanup_ptr</name>
         <value>0x200003c8</value>
         <object_component_ref idref="oc-14a"/>
      </symbol>
      <symbol id="sm-295">
         <name>__TI_enable_exit_profile_output</name>
         <value>0x200003d0</value>
         <object_component_ref idref="oc-14a"/>
      </symbol>
      <symbol id="sm-296">
         <name>exit</name>
         <value>0x15a5</value>
         <object_component_ref idref="oc-ef"/>
      </symbol>
      <symbol id="sm-2ab">
         <name>_nop</name>
         <value>0x13eb</value>
         <object_component_ref idref="oc-1a1"/>
      </symbol>
      <symbol id="sm-2ac">
         <name>_lock</name>
         <value>0x200003d4</value>
         <object_component_ref idref="oc-14d"/>
      </symbol>
      <symbol id="sm-2ad">
         <name>_unlock</name>
         <value>0x200003d8</value>
         <object_component_ref idref="oc-14d"/>
      </symbol>
      <symbol id="sm-2be">
         <name>memchr</name>
         <value>0x18dd</value>
         <object_component_ref idref="oc-177"/>
      </symbol>
      <symbol id="sm-347">
         <name>_sys_memory</name>
         <value>0x200005b0</value>
         <object_component_ref idref="oc-27"/>
      </symbol>
      <symbol id="sm-348">
         <name>free</name>
         <value>0xd71</value>
         <object_component_ref idref="oc-1f7"/>
      </symbol>
      <symbol id="sm-349">
         <name>memalign</name>
         <value>0xc71</value>
         <object_component_ref idref="oc-239"/>
      </symbol>
      <symbol id="sm-34a">
         <name>malloc</name>
         <value>0x19c1</value>
         <object_component_ref idref="oc-1fd"/>
      </symbol>
      <symbol id="sm-34b">
         <name>aligned_alloc</name>
         <value>0xc71</value>
         <object_component_ref idref="oc-239"/>
      </symbol>
      <symbol id="sm-359">
         <name>strlen</name>
         <value>0x1993</value>
         <object_component_ref idref="oc-171"/>
      </symbol>
      <symbol id="sm-373">
         <name>write</name>
         <value>0x18b5</value>
         <object_component_ref idref="oc-183"/>
      </symbol>
      <symbol id="sm-384">
         <name>_stream</name>
         <value>0x20000368</value>
         <object_component_ref idref="oc-1d3"/>
      </symbol>
      <symbol id="sm-385">
         <name>_device</name>
         <value>0x200002f0</value>
         <object_component_ref idref="oc-216"/>
      </symbol>
      <symbol id="sm-395">
         <name>__TI_cleanup</name>
         <value>0x176d</value>
         <object_component_ref idref="oc-203"/>
      </symbol>
      <symbol id="sm-3a7">
         <name>fseek</name>
         <value>0x1325</value>
         <object_component_ref idref="oc-1c0"/>
      </symbol>
      <symbol id="sm-3b8">
         <name>HOSTclose</name>
         <value>0x15ed</value>
         <object_component_ref idref="oc-24f"/>
      </symbol>
      <symbol id="sm-3c9">
         <name>HOSTlseek</name>
         <value>0x1255</value>
         <object_component_ref idref="oc-261"/>
      </symbol>
      <symbol id="sm-3db">
         <name>parmbuf</name>
         <value>0x200005a8</value>
      </symbol>
      <symbol id="sm-3dc">
         <name>HOSTopen</name>
         <value>0x13ed</value>
         <object_component_ref idref="oc-249"/>
      </symbol>
      <symbol id="sm-3ed">
         <name>HOSTread</name>
         <value>0x14a9</value>
         <object_component_ref idref="oc-255"/>
      </symbol>
      <symbol id="sm-3fe">
         <name>HOSTrename</name>
         <value>0x11e9</value>
         <object_component_ref idref="oc-26d"/>
      </symbol>
      <symbol id="sm-40f">
         <name>HOSTunlink</name>
         <value>0x1631</value>
         <object_component_ref idref="oc-267"/>
      </symbol>
      <symbol id="sm-420">
         <name>HOSTwrite</name>
         <value>0x1501</value>
         <object_component_ref idref="oc-25b"/>
      </symbol>
      <symbol id="sm-444">
         <name>__TI_readmsg</name>
         <value>0x17a1</value>
         <object_component_ref idref="oc-29a"/>
      </symbol>
      <symbol id="sm-445">
         <name>C$$IO$$</name>
         <value>0x172b</value>
         <object_component_ref idref="oc-294"/>
      </symbol>
      <symbol id="sm-446">
         <name>__CIOBUF_</name>
         <value>0x200003e8</value>
         <object_component_ref idref="oc-2c5"/>
      </symbol>
      <symbol id="sm-447">
         <name>__TI_writemsg</name>
         <value>0x16fd</value>
         <object_component_ref idref="oc-294"/>
      </symbol>
      <symbol id="sm-458">
         <name>lseek</name>
         <value>0x188d</value>
         <object_component_ref idref="oc-1ef"/>
      </symbol>
      <symbol id="sm-46d">
         <name>__TI_closefile</name>
         <value>0x1105</value>
         <object_component_ref idref="oc-240"/>
      </symbol>
      <symbol id="sm-495">
         <name>finddevice</name>
         <value>0x1809</value>
         <object_component_ref idref="oc-2e9"/>
      </symbol>
      <symbol id="sm-496">
         <name>getdevice</name>
         <value>0x16b9</value>
         <object_component_ref idref="oc-2bb"/>
      </symbol>
      <symbol id="sm-4a6">
         <name>strchr</name>
         <value>0x1969</value>
         <object_component_ref idref="oc-2dd"/>
      </symbol>
      <symbol id="sm-4b5">
         <name>strcmp</name>
         <value>0x1951</value>
         <object_component_ref idref="oc-302"/>
      </symbol>
      <symbol id="sm-4c3">
         <name>strcpy</name>
         <value>0x197f</value>
         <object_component_ref idref="oc-2ae"/>
      </symbol>
      <symbol id="sm-4d3">
         <name>strncpy</name>
         <value>0x1735</value>
         <object_component_ref idref="oc-2e3"/>
      </symbol>
      <symbol id="sm-4e8">
         <name>close</name>
         <value>0x144d</value>
         <object_component_ref idref="oc-285"/>
      </symbol>
      <symbol id="sm-4f8">
         <name>unlink</name>
         <value>0x1839</value>
         <object_component_ref idref="oc-28b"/>
      </symbol>
      <symbol id="sm-4f9">
         <name>__TI_static_base__</name>
         <value>0x0</value>
      </symbol>
      <symbol id="sm-4fc">
         <name>__mpu_init</name>
         <value>0x0</value>
      </symbol>
      <symbol id="sm-4fd">
         <name>_system_post_cinit</name>
         <value>0x0</value>
      </symbol>
      <symbol id="sm-4fe">
         <name>remove</name>
         <value>0x1839</value>
      </symbol>
   </symbol_table>
   <title>Link successful</title>
</link_info>
