******************************************************************************
                  TI ARM Linker PC v20.2.7                     
******************************************************************************
>> Linked Sat Dec  7 22:54:45 2024

OUTPUT FILE NAME:   <Application_2.out>
ENTRY POINT SYMBOL: "_c_int00_noargs"  address: 000017d5


MEMORY CONFIGURATION

         name            origin    length      used     unused   attr    fill
----------------------  --------  ---------  --------  --------  ----  --------
  FLASH                 00000000   00040000  00001ba6  0003e45a  R  X
  SRAM                  20000000   00008000  000005c0  00007a40  RW X


SEGMENT ALLOCATION MAP

run origin  load origin   length   init length attrs members
----------  ----------- ---------- ----------- ----- -------
00000000    00000000    00001ba8   00001ba8    r-x
  00000000    00000000    0000026c   0000026c    r-- .intvecs
  0000026c    0000026c    00001764   00001764    r-x .text
  000019d0    000019d0    00000146   00000146    r-- .const
  00001b18    00001b18    00000090   00000090    r-- .cinit
20000000    20000000    000005c0   00000000    rw-
  20000000    20000000    00000200   00000000    rw- .stack
  20000200    20000200    000001e8   00000000    rw- .data
  200003e8    200003e8    000001c8   00000000    rw- .bss
  200005b0    200005b0    00000010   00000000    rw- .sysmem


SECTION ALLOCATION MAP

 output                                  attributes/
section   page    origin      length       input sections
--------  ----  ----------  ----------   ----------------
.intvecs   0    00000000    0000026c     
                  00000000    0000026c     tm4c123gh6pm_startup_ccs.obj (.intvecs)

.text      0    0000026c    00001764     
                  0000026c    0000069c     main.obj (.text)
                  00000908    00000254     NVIC.obj (.text)
                  00000b5c    00000114     rtsv7M4_T_le_v4SPD16_eabi.lib : fputs.c.obj (.text:fputs)
                  00000c70    00000100                                   : memory.c.obj (.text:aligned_alloc)
                  00000d70    000000e4                                   : memory.c.obj (.text:free)
                  00000e54    000000dc                                   : setvbuf.c.obj (.text:setvbuf)
                  00000f30    000000bc     SysTick.obj (.text)
                  00000fec    0000009c     rtsv7M4_T_le_v4SPD16_eabi.lib : memcpy_t2.asm.obj (.text)
                  00001088    0000007c                                   : fflush.c.obj (.text:fflush)
                  00001104    00000074                                   : fclose.c.obj (.text:__TI_closefile)
                  00001178    00000070                                   : memory.c.obj (.text:split)
                  000011e8    0000006c                                   : hostrename.c.obj (.text:HOSTrename)
                  00001254    00000068                                   : hostlseek.c.obj (.text:HOSTlseek)
                  000012bc    00000068                                   : copy_decompress_lzss.c.obj (.text:decompress:lzss:__TI_decompress_lzss)
                  00001324    00000064                                   : fseek.c.obj (.text:fseek)
                  00001388    00000062                                   : _io_perm.c.obj (.text:__TI_wrt_ok)
                  000013ea    00000002                                   : _lock.c.obj (.text:_nop)
                  000013ec    00000060                                   : hostopen.c.obj (.text:HOSTopen)
                  0000144c    0000005c                                   : close.c.obj (.text:close)
                  000014a8    00000058                                   : hostread.c.obj (.text:HOSTread)
                  00001500    00000058                                   : hostwrite.c.obj (.text:HOSTwrite)
                  00001558    0000004c                                   : fflush.c.obj (.text:__TI_doflush)
                  000015a4    00000048                                   : exit.c.obj (.text:exit)
                  000015ec    00000044                                   : hostclose.c.obj (.text:HOSTclose)
                  00001630    00000044                                   : hostunlink.c.obj (.text:HOSTunlink)
                  00001674    00000044                                   : autoinit.c.obj (.text:__TI_auto_init_nobinit_nopinit:__TI_auto_init_nobinit_nopinit)
                  000016b8    00000044                                   : getdevice.c.obj (.text:getdevice)
                  000016fc    00000038                                   : trgmsg.c.obj (.text:__TI_writemsg)
                  00001734    00000036                                   : strncpy.c.obj (.text:strncpy)
                  0000176a    00000002     --HOLE-- [fill = 0]
                  0000176c    00000034                                   : fopen.c.obj (.text:__TI_cleanup)
                  000017a0    00000034                                   : trgmsg.c.obj (.text:__TI_readmsg)
                  000017d4    00000034                                   : boot_cortex_m.c.obj (.text:_c_int00_noargs:_c_int00_noargs)
                  00001808    00000030                                   : getdevice.c.obj (.text:finddevice)
                  00001838    0000002c                                   : unlink.c.obj (.text:unlink)
                  00001864    00000028                                   : memory.c.obj (.text:free_list_insert)
                  0000188c    00000028                                   : lseek.c.obj (.text:lseek)
                  000018b4    00000028                                   : write.c.obj (.text:write)
                  000018dc    00000020                                   : memchr.c.obj (.text:memchr)
                  000018fc    0000001c                                   : assert.c.obj (.text:_abort_msg)
                  00001918    0000001c                                   : copy_zero_init.c.obj (.text:decompress:ZI:__TI_zero_init_nomemset:__TI_zero_init_nomemset)
                  00001934    0000001c                                   : memory.c.obj (.text:free_list_remove)
                  00001950    00000018                                   : strcmp.c.obj (.text:strcmp)
                  00001968    00000016                                   : strchr.c.obj (.text:strchr)
                  0000197e    00000014                                   : strcpy.c.obj (.text:strcpy)
                  00001992    00000014                                   : strlen.c.obj (.text:strlen)
                  000019a6    0000000e                                   : copy_decompress_none.c.obj (.text:decompress:none:__TI_decompress_none)
                  000019b4    0000000c     tm4c123gh6pm_startup_ccs.obj (.text)
                  000019c0    00000008     rtsv7M4_T_le_v4SPD16_eabi.lib : memory.c.obj (.text:malloc)
                  000019c8    00000004                                   : pre_init.c.obj (.text:_system_pre_init)
                  000019cc    00000004                                   : exit.c.obj (.text:abort:abort)

.const     0    000019d0    00000146     
                  000019d0    00000146     main.obj (.const:.string)

.cinit     0    00001b18    00000090     
                  00001b18    00000066     (.cinit..data.load) [load image, compression = lzss]
                  00001b7e    00000002     --HOLE-- [fill = 0]
                  00001b80    0000000c     (__TI_handler_table)
                  00001b8c    00000004     --HOLE-- [fill = 0]
                  00001b90    00000008     (.cinit..bss.load) [load image, compression = zero_init]
                  00001b98    00000010     (__TI_cinit_table)

.init_array 
*          0    00000000    00000000     UNINITIALIZED

.stack     0    20000000    00000200     UNINITIALIZED
                  20000000    00000004     rtsv7M4_T_le_v4SPD16_eabi.lib : boot_cortex_m.c.obj (.stack)
                  20000004    000001fc     --HOLE--

.data      0    20000200    000001e8     UNINITIALIZED
                  20000200    000000f0     rtsv7M4_T_le_v4SPD16_eabi.lib : defs.c.obj (.data:_ftable)
                  200002f0    00000078                                   : host_device.c.obj (.data:_device)
                  20000368    00000050                                   : host_device.c.obj (.data:_stream)
                  200003b8    00000010                                   : defs.c.obj (.data)
                  200003c8    0000000c                                   : exit.c.obj (.data:$O1$$)
                  200003d4    00000008                                   : _lock.c.obj (.data:$O1$$)
                  200003dc    00000008                                   : memory.c.obj (.data:$O1$$)
                  200003e4    00000004     SysTick.obj (.data)

.bss       0    200003e8    000001c8     UNINITIALIZED
                  200003e8    00000120     rtsv7M4_T_le_v4SPD16_eabi.lib : trgmsg.c.obj (.bss:_CIOBUF_)
                  20000508    000000a0     (.common:__TI_tmpnams)
                  200005a8    00000008     (.common:parmbuf)

.sysmem    0    200005b0    00000010     UNINITIALIZED
                  200005b0    00000010     rtsv7M4_T_le_v4SPD16_eabi.lib : memory.c.obj (.sysmem)

__llvm_prf_cnts 
*          0    20000000    00000000     UNINITIALIZED

MODULE SUMMARY

       Module                         code   ro data   rw data
       ------                         ----   -------   -------
    .\
       main.obj                       1692   326       0      
       tm4c123gh6pm_startup_ccs.obj   12     620       0      
    +--+------------------------------+------+---------+---------+
       Total:                         1704   946       0      
                                                              
    .\MCAL\NVIC\
       NVIC.obj                       596    0         0      
    +--+------------------------------+------+---------+---------+
       Total:                         596    0         0      
                                                              
    .\MCAL\SysTick\
       SysTick.obj                    188    0         4      
    +--+------------------------------+------+---------+---------+
       Total:                         188    0         4      
                                                              
    C:\ti\ccs1281\ccs\tools\compiler\ti-cgt-arm_20.2.7.LTS\lib\rtsv7M4_T_le_v4SPD16_eabi.lib
       memory.c.obj                   672    0         8      
       defs.c.obj                     0      0         416    
       trgmsg.c.obj                   108    0         288    
       fputs.c.obj                    276    0         0      
       setvbuf.c.obj                  220    0         0      
       fflush.c.obj                   200    0         0      
       host_device.c.obj              0      0         200    
       memcpy_t2.asm.obj              156    0         0      
       fclose.c.obj                   116    0         0      
       getdevice.c.obj                116    0         0      
       hostrename.c.obj               108    0         0      
       copy_decompress_lzss.c.obj     104    0         0      
       hostlseek.c.obj                104    0         0      
       hostopen.c.obj                 96     0         8      
       fseek.c.obj                    100    0         0      
       _io_perm.c.obj                 98     0         0      
       close.c.obj                    92     0         0      
       exit.c.obj                     76     0         12     
       hostread.c.obj                 88     0         0      
       hostwrite.c.obj                88     0         0      
       autoinit.c.obj                 68     0         0      
       hostclose.c.obj                68     0         0      
       hostunlink.c.obj               68     0         0      
       strncpy.c.obj                  54     0         0      
       boot_cortex_m.c.obj            52     0         0      
       fopen.c.obj                    52     0         0      
       unlink.c.obj                   44     0         0      
       lseek.c.obj                    40     0         0      
       write.c.obj                    40     0         0      
       memchr.c.obj                   32     0         0      
       assert.c.obj                   28     0         0      
       copy_zero_init.c.obj           28     0         0      
       strcmp.c.obj                   24     0         0      
       strchr.c.obj                   22     0         0      
       strcpy.c.obj                   20     0         0      
       strlen.c.obj                   20     0         0      
       copy_decompress_none.c.obj     14     0         0      
       _lock.c.obj                    2      0         8      
       pre_init.c.obj                 4      0         0      
    +--+------------------------------+------+---------+---------+
       Total:                         3498   0         940    
                                                              
       Heap:                          0      0         16     
       Stack:                         0      0         512    
       Linker Generated:              0      138       0      
    +--+------------------------------+------+---------+---------+
       Grand Total:                   5986   1084      1472   


LINKER GENERATED COPY TABLES

__TI_cinit_table @ 00001b98 records: 2, size/record: 8, table size: 16
	.data: load addr=00001b18, load size=00000066 bytes, run addr=20000200, run size=000001e8 bytes, compression=lzss
	.bss: load addr=00001b90, load size=00000008 bytes, run addr=200003e8, run size=000001c8 bytes, compression=zero_init


LINKER GENERATED HANDLER TABLE

__TI_handler_table @ 00001b80 records: 3, size/record: 4, table size: 12
	index: 0, handler: __TI_decompress_lzss
	index: 1, handler: __TI_decompress_none
	index: 2, handler: __TI_zero_init


GLOBAL SYMBOLS: SORTED ALPHABETICALLY BY Name 

address   name                           
-------   ----                           
000019cd  C$$EXIT                        
0000172b  C$$IO$$                        
000015ed  HOSTclose                      
00001255  HOSTlseek                      
000013ed  HOSTopen                       
000014a9  HOSTread                       
000011e9  HOSTrename                     
00001631  HOSTunlink                     
00001501  HOSTwrite                      
0000026d  Leds_Init                      
00000a2d  NVIC_DisableException          
00000951  NVIC_DisableIRQ                
000009ef  NVIC_EnableException           
00000909  NVIC_EnableIRQ                 
00000a71  NVIC_SetPriorityException      
00000999  NVIC_SetPriorityIRQ            
000019b5  ResetISR                       
00000f59  SysTick_DeInit                 
00000fcd  SysTick_Handler                
00000f31  SysTick_Init                   
00000fbd  SysTick_SetCallBack            
00000fb5  SysTick_Start                  
00000f6d  SysTick_StartBusyWait          
00000fa9  SysTick_Stop                   
000002c5  Test_Exceptions_Settings       
200003e8  __CIOBUF_                      
20000200  __STACK_END                    
00000200  __STACK_SIZE                   
20000200  __STACK_TOP                    
00000010  __SYSMEM_SIZE                  
00001b98  __TI_CINIT_Base                
00001ba8  __TI_CINIT_Limit               
00001b80  __TI_Handler_Table_Base        
00001b8c  __TI_Handler_Table_Limit       
00001675  __TI_auto_init_nobinit_nopinit 
0000176d  __TI_cleanup                   
200003c8  __TI_cleanup_ptr               
00001105  __TI_closefile                 
000012bd  __TI_decompress_lzss           
000019a7  __TI_decompress_none           
00001559  __TI_doflush                   
200003cc  __TI_dtors_ptr                 
200003d0  __TI_enable_exit_profile_output
200003b8  __TI_ft_end                    
ffffffff  __TI_pprof_out_hndl            
ffffffff  __TI_prof_data_size            
ffffffff  __TI_prof_data_start           
000017a1  __TI_readmsg                   
00000000  __TI_static_base__             
20000508  __TI_tmpnams                   
000016fd  __TI_writemsg                  
00001389  __TI_wrt_ok                    
00001919  __TI_zero_init_nomemset        
00000fed  __aeabi_memcpy                 
00000fed  __aeabi_memcpy4                
00000fed  __aeabi_memcpy8                
200003c4  __aeabi_stderr                 
200003bc  __aeabi_stdin                  
200003c0  __aeabi_stdout                 
ffffffff  __binit__                      
ffffffff  __c_args__                     
UNDEFED   __mpu_init                     
20000000  __stack                        
20000000  __start___llvm_prf_cnts        
20000000  __stop___llvm_prf_cnts         
000018fd  _abort_msg                     
000017d5  _c_int00_noargs                
200002f0  _device                        
20000200  _ftable                        
200003d4  _lock                          
000013eb  _nop                           
20000368  _stream                        
200005b0  _sys_memory                    
UNDEFED   _system_post_cinit             
000019c9  _system_pre_init               
200003d8  _unlock                        
000019cd  abort                          
00000c71  aligned_alloc                  
ffffffff  binit                          
0000144d  close                          
000015a5  exit                           
00001089  fflush                         
00001809  finddevice                     
00000b5d  fputs                          
00000d71  free                           
00001325  fseek                          
00000000  g_pfnVectors                   
000016b9  getdevice                      
0000188d  lseek                          
00000891  main                           
000019c1  malloc                         
00000c71  memalign                       
000018dd  memchr                         
00000fed  memcpy                         
200005a8  parmbuf                        
00001839  remove                         
00000e55  setvbuf                        
00001969  strchr                         
00001951  strcmp                         
0000197f  strcpy                         
00001993  strlen                         
00001735  strncpy                        
00001839  unlink                         
000018b5  write                          


GLOBAL SYMBOLS: SORTED BY Symbol Address 

address   name                           
-------   ----                           
00000000  __TI_static_base__             
00000000  g_pfnVectors                   
00000010  __SYSMEM_SIZE                  
00000200  __STACK_SIZE                   
0000026d  Leds_Init                      
000002c5  Test_Exceptions_Settings       
00000891  main                           
00000909  NVIC_EnableIRQ                 
00000951  NVIC_DisableIRQ                
00000999  NVIC_SetPriorityIRQ            
000009ef  NVIC_EnableException           
00000a2d  NVIC_DisableException          
00000a71  NVIC_SetPriorityException      
00000b5d  fputs                          
00000c71  aligned_alloc                  
00000c71  memalign                       
00000d71  free                           
00000e55  setvbuf                        
00000f31  SysTick_Init                   
00000f59  SysTick_DeInit                 
00000f6d  SysTick_StartBusyWait          
00000fa9  SysTick_Stop                   
00000fb5  SysTick_Start                  
00000fbd  SysTick_SetCallBack            
00000fcd  SysTick_Handler                
00000fed  __aeabi_memcpy                 
00000fed  __aeabi_memcpy4                
00000fed  __aeabi_memcpy8                
00000fed  memcpy                         
00001089  fflush                         
00001105  __TI_closefile                 
000011e9  HOSTrename                     
00001255  HOSTlseek                      
000012bd  __TI_decompress_lzss           
00001325  fseek                          
00001389  __TI_wrt_ok                    
000013eb  _nop                           
000013ed  HOSTopen                       
0000144d  close                          
000014a9  HOSTread                       
00001501  HOSTwrite                      
00001559  __TI_doflush                   
000015a5  exit                           
000015ed  HOSTclose                      
00001631  HOSTunlink                     
00001675  __TI_auto_init_nobinit_nopinit 
000016b9  getdevice                      
000016fd  __TI_writemsg                  
0000172b  C$$IO$$                        
00001735  strncpy                        
0000176d  __TI_cleanup                   
000017a1  __TI_readmsg                   
000017d5  _c_int00_noargs                
00001809  finddevice                     
00001839  remove                         
00001839  unlink                         
0000188d  lseek                          
000018b5  write                          
000018dd  memchr                         
000018fd  _abort_msg                     
00001919  __TI_zero_init_nomemset        
00001951  strcmp                         
00001969  strchr                         
0000197f  strcpy                         
00001993  strlen                         
000019a7  __TI_decompress_none           
000019b5  ResetISR                       
000019c1  malloc                         
000019c9  _system_pre_init               
000019cd  C$$EXIT                        
000019cd  abort                          
00001b80  __TI_Handler_Table_Base        
00001b8c  __TI_Handler_Table_Limit       
00001b98  __TI_CINIT_Base                
00001ba8  __TI_CINIT_Limit               
20000000  __stack                        
20000000  __start___llvm_prf_cnts        
20000000  __stop___llvm_prf_cnts         
20000200  __STACK_END                    
20000200  __STACK_TOP                    
20000200  _ftable                        
200002f0  _device                        
20000368  _stream                        
200003b8  __TI_ft_end                    
200003bc  __aeabi_stdin                  
200003c0  __aeabi_stdout                 
200003c4  __aeabi_stderr                 
200003c8  __TI_cleanup_ptr               
200003cc  __TI_dtors_ptr                 
200003d0  __TI_enable_exit_profile_output
200003d4  _lock                          
200003d8  _unlock                        
200003e8  __CIOBUF_                      
20000508  __TI_tmpnams                   
200005a8  parmbuf                        
200005b0  _sys_memory                    
ffffffff  __TI_pprof_out_hndl            
ffffffff  __TI_prof_data_size            
ffffffff  __TI_prof_data_start           
ffffffff  __binit__                      
ffffffff  __c_args__                     
ffffffff  binit                          
UNDEFED   __mpu_init                     
UNDEFED   _system_post_cinit             

[104 symbols]
